
> frontend-admin@0.1.0 dev
> next dev -p 4000

  ▲ Next.js 14.2.35
  - Local:        http://localhost:4000
  - Environments: .env.local

 ✓ Starting...
 ✓ Ready in 5.6s
 ○ Compiling /dashboard ...
 ✓ Compiled /dashboard in 4.4s (1549 modules)
 GET /dashboard 200 in 5148ms
 ○ Compiling /favicon.ico ...
 ✓ Compiled /favicon.ico in 700ms (858 modules)
 GET /favicon.ico 200 in 834ms
 ○ Compiling /option-strategies ...
 ✓ Compiled /option-strategies in 724ms (1555 modules)
 ○ Compiling / ...
 ✓ Compiled / in 965ms (1561 modules)
 GET / 200 in 1509ms
 ○ Compiling /login ...
 ✓ Compiled /login in 1206ms (1567 modules)
 GET /login 200 in 1580ms
 GET /option-strategies 200 in 106ms
 ○ Compiling /login ...
 ✓ Compiled /login in 667ms (862 modules)
 ✓ Compiled (866 modules)
 GET /favicon.ico 200 in 1241ms
 ○ Compiling /tables ...
 ✓ Compiled /tables in 970ms (1601 modules)
