DEBUG 2026-02-16 08:55:59,943 functional 
def accumulate(self, *args, **kwargs):
    return 1

DEBUG 2026-02-16 08:55:59,943 functional 
def chord(self, header, body, partial_args=0, interval=1, countdown=2, max_retries=3, eager=4, **kwargs):
    return 1

DEBUG 2026-02-16 08:55:59,944 functional 
def unlock_chord(self, group_id, callback, interval=0, max_retries=1, result=2, Result=3, GroupResult=4, result_from_tuple=5, **kwargs):
    return 1

DEBUG 2026-02-16 08:55:59,944 functional 
def sync_options_task(is_auto=0, user_id=1, from_date=2, to_date=3):
    return 1

DEBUG 2026-02-16 08:55:59,944 functional 
def auto_sync_daily():
    return 1

DEBUG 2026-02-16 08:55:59,945 functional 
def xmap(task, it):
    return 1

DEBUG 2026-02-16 08:55:59,945 functional 
def execute_backtest_task(backtest_run_id, stock_ids, execution_mode=0):
    return 1

DEBUG 2026-02-16 08:55:59,945 functional 
def debug_task(self):
    return 1

DEBUG 2026-02-16 08:55:59,945 functional 
def xstarmap(task, it):
    return 1

DEBUG 2026-02-16 08:55:59,946 functional 
def chunks(task, it, n):
    return 1

DEBUG 2026-02-16 08:55:59,946 functional 
def delete_old_notifications():
    return 1

DEBUG 2026-02-16 08:55:59,946 functional 
def sync_hard_task(sync_type, start_date, end_date, instruments=0, user_id=1):
    return 1

DEBUG 2026-02-16 08:55:59,946 functional 
def sync_stocks_task(is_auto=0, user_id=1, from_date=2, to_date=3, instruments=4, sync_indices=5):
    return 1

DEBUG 2026-02-16 08:55:59,946 functional 
def group(self, tasks, result, group_id, partial_args, add_to_parent=0):
    return 1

DEBUG 2026-02-16 08:55:59,946 functional 
def backend_cleanup():
    return 1

DEBUG 2026-02-16 08:55:59,946 functional 
def chain(*args, **kwargs):
    return 1

[2026-02-16 08:56:00,060: INFO/MainProcess] beat: Starting...
[2026-02-16 08:56:00,155: WARNING/MainProcess] 
Setting ssl_cert_reqs=CERT_NONE when connecting to redis means that celery will not validate the identity of the redis broker when connecting. This leaves you vulnerable to man in the middle attacks.

[2026-02-16 08:56:00,639: ERROR/MainProcess] beat: Connection error: max requests limit exceeded. Limit: 500000, Usage: 500000. See https://upstash.com/docs/redis/troubleshooting/max_requests_limit for details. Trying again in 2.0 seconds...
[2026-02-16 08:56:03,689: INFO/MainProcess] Scheduler: Sending due task cleanup-notifications-daily (apps.notifications.tasks.delete_old_notifications)
[2026-02-16 08:56:04,109: ERROR/MainProcess] Message Error: Couldn't apply scheduled task cleanup-notifications-daily: max requests limit exceeded. Limit: 500000, Usage: 500000. See https://upstash.com/docs/redis/troubleshooting/max_requests_limit for details
['  File "/Users/chat360team/Documents/papertrade/papertrade-backend/venv/bin/celery", line 7, in <module>\n    sys.exit(main())\n', '  File "/Users/chat360team/Documents/papertrade/papertrade-backend/venv/lib/python3.13/site-packages/celery/__main__.py", line 15, in main\n    sys.exit(_main())\n', '  File "/Users/chat360team/Documents/papertrade/papertrade-backend/venv/lib/python3.13/site-packages/celery/bin/celery.py", line 236, in main\n    return celery(auto_envvar_prefix="CELERY")\n', '  File "/Users/chat360team/Documents/papertrade/papertrade-backend/venv/lib/python3.13/site-packages/click/core.py", line 1485, in __call__\n    return self.main(*args, **kwargs)\n', '  File "/Users/chat360team/Documents/papertrade/papertrade-backend/venv/lib/python3.13/site-packages/click/core.py", line 1406, in main\n    rv = self.invoke(ctx)\n', '  File "/Users/chat360team/Documents/papertrade/papertrade-backend/venv/lib/python3.13/site-packages/click/core.py", line 1873, in invoke\n    return _process_result(sub_ctx.command.invoke(sub_ctx))\n', '  File "/Users/chat360team/Documents/papertrade/papertrade-backend/venv/lib/python3.13/site-packages/click/core.py", line 1269, in invoke\n    return ctx.invoke(self.callback, **ctx.params)\n', '  File "/Users/chat360team/Documents/papertrade/papertrade-backend/venv/lib/python3.13/site-packages/click/core.py", line 824, in invoke\n    return callback(*args, **kwargs)\n', '  File "/Users/chat360team/Documents/papertrade/papertrade-backend/venv/lib/python3.13/site-packages/click/decorators.py", line 34, in new_func\n    return f(get_current_context(), *args, **kwargs)\n', '  File "/Users/chat360team/Documents/papertrade/papertrade-backend/venv/lib/python3.13/site-packages/celery/bin/base.py", line 134, in caller\n    return f(ctx, *args, **kwargs)\n', '  File "/Users/chat360team/Documents/papertrade/papertrade-backend/venv/lib/python3.13/site-packages/celery/bin/beat.py", line 72, in beat\n    return beat().run()\n', '  File "/Users/chat360team/Documents/papertrade/papertrade-backend/venv/lib/python3.13/site-packages/celery/apps/beat.py", line 84, in run\n    self.start_scheduler()\n', '  File "/Users/chat360team/Documents/papertrade/papertrade-backend/venv/lib/python3.13/site-packages/celery/apps/beat.py", line 113, in start_scheduler\n    service.start()\n', '  File "/Users/chat360team/Documents/papertrade/papertrade-backend/venv/lib/python3.13/site-packages/celery/beat.py", line 643, in start\n    interval = self.scheduler.tick()\n', '  File "/Users/chat360team/Documents/papertrade/papertrade-backend/venv/lib/python3.13/site-packages/celery/beat.py", line 353, in tick\n    self.apply_entry(entry, producer=self.producer)\n', '  File "/Users/chat360team/Documents/papertrade/papertrade-backend/venv/lib/python3.13/site-packages/celery/beat.py", line 283, in apply_entry\n    exc, traceback.format_stack(), exc_info=True)\n']
Traceback (most recent call last):
  File "/Users/chat360team/Documents/papertrade/papertrade-backend/venv/lib/python3.13/site-packages/kombu/connection.py", line 474, in _reraise_as_library_errors
    yield
  File "/Users/chat360team/Documents/papertrade/papertrade-backend/venv/lib/python3.13/site-packages/celery/app/base.py", line 797, in send_task
    self.backend.on_task_call(P, task_id)
    ~~~~~~~~~~~~~~~~~~~~~~~~~^^^^^^^^^^^^
  File "/Users/chat360team/Documents/papertrade/papertrade-backend/venv/lib/python3.13/site-packages/celery/backends/redis.py", line 373, in on_task_call
    self.result_consumer.consume_from(task_id)
    ~~~~~~~~~~~~~~~~~~~~~~~~~~~~~~~~~^^^^^^^^^
  File "/Users/chat360team/Documents/papertrade/papertrade-backend/venv/lib/python3.13/site-packages/celery/backends/redis.py", line 169, in consume_from
    return self.start(task_id)
           ~~~~~~~~~~^^^^^^^^^
  File "/Users/chat360team/Documents/papertrade/papertrade-backend/venv/lib/python3.13/site-packages/celery/backends/redis.py", line 147, in start
    self._consume_from(initial_task_id)
    ~~~~~~~~~~~~~~~~~~^^^^^^^^^^^^^^^^^
  File "/Users/chat360team/Documents/papertrade/papertrade-backend/venv/lib/python3.13/site-packages/celery/backends/redis.py", line 177, in _consume_from
    self._pubsub.subscribe(key)
    ~~~~~~~~~~~~~~~~~~~~~~^^^^^
  File "/Users/chat360team/Documents/papertrade/papertrade-backend/venv/lib/python3.13/site-packages/redis/client.py", line 916, in subscribe
    ret_val = self.execute_command("SUBSCRIBE", *new_channels.keys())
  File "/Users/chat360team/Documents/papertrade/papertrade-backend/venv/lib/python3.13/site-packages/redis/client.py", line 749, in execute_command
    self.connection = self.connection_pool.get_connection(
                      ~~~~~~~~~~~~~~~~~~~~~~~~~~~~~~~~~~~^
        "pubsub", self.shard_hint
        ^^^^^^^^^^^^^^^^^^^^^^^^^
    )
    ^
  File "/Users/chat360team/Documents/papertrade/papertrade-backend/venv/lib/python3.13/site-packages/redis/connection.py", line 1086, in get_connection
    connection.connect()
    ~~~~~~~~~~~~~~~~~~^^
  File "/Users/chat360team/Documents/papertrade/papertrade-backend/venv/lib/python3.13/site-packages/redis/connection.py", line 276, in connect
    self.on_connect()
    ~~~~~~~~~~~~~~~^^
  File "/Users/chat360team/Documents/papertrade/papertrade-backend/venv/lib/python3.13/site-packages/redis/connection.py", line 342, in on_connect
    auth_response = self.read_response()
  File "/Users/chat360team/Documents/papertrade/papertrade-backend/venv/lib/python3.13/site-packages/redis/connection.py", line 524, in read_response
    raise response
redis.exceptions.ResponseError: max requests limit exceeded. Limit: 500000, Usage: 500000. See https://upstash.com/docs/redis/troubleshooting/max_requests_limit for details

The above exception was the direct cause of the following exception:

Traceback (most recent call last):
  File "/Users/chat360team/Documents/papertrade/papertrade-backend/venv/lib/python3.13/site-packages/celery/beat.py", line 402, in apply_async
    return task.apply_async(entry_args, entry_kwargs,
           ~~~~~~~~~~~~~~~~^^^^^^^^^^^^^^^^^^^^^^^^^^
                            producer=producer,
                            ^^^^^^^^^^^^^^^^^^
                            **entry.options)
                            ^^^^^^^^^^^^^^^^
  File "/Users/chat360team/Documents/papertrade/papertrade-backend/venv/lib/python3.13/site-packages/celery/app/task.py", line 594, in apply_async
    return app.send_task(
           ~~~~~~~~~~~~~^
        self.name, args, kwargs, task_id=task_id, producer=producer,
        ^^^^^^^^^^^^^^^^^^^^^^^^^^^^^^^^^^^^^^^^^^^^^^^^^^^^^^^^^^^^
    ...<2 lines>...
        **options
        ^^^^^^^^^
    )
    ^
  File "/Users/chat360team/Documents/papertrade/papertrade-backend/venv/lib/python3.13/site-packages/celery/app/base.py", line 795, in send_task
    with P.connection._reraise_as_library_errors():
         ~~~~~~~~~~~~~~~~~~~~~~~~~~~~~~~~~~~~~~~^^
  File "/Library/Frameworks/Python.framework/Versions/3.13/lib/python3.13/contextlib.py", line 162, in __exit__
    self.gen.throw(value)
    ~~~~~~~~~~~~~~^^^^^^^
  File "/Users/chat360team/Documents/papertrade/papertrade-backend/venv/lib/python3.13/site-packages/kombu/connection.py", line 478, in _reraise_as_library_errors
    raise ConnectionError(str(exc)) from exc
kombu.exceptions.OperationalError: max requests limit exceeded. Limit: 500000, Usage: 500000. See https://upstash.com/docs/redis/troubleshooting/max_requests_limit for details

During handling of the above exception, another exception occurred:

Traceback (most recent call last):
  File "/Users/chat360team/Documents/papertrade/papertrade-backend/venv/lib/python3.13/site-packages/celery/beat.py", line 280, in apply_entry
    result = self.apply_async(entry, producer=producer, advance=False)
  File "/Users/chat360team/Documents/papertrade/papertrade-backend/venv/lib/python3.13/site-packages/celery/beat.py", line 410, in apply_async
    reraise(SchedulingError, SchedulingError(
    ~~~~~~~^^^^^^^^^^^^^^^^^^^^^^^^^^^^^^^^^^
        "Couldn't apply scheduled task {0.name}: {exc}".format(
        ^^^^^^^^^^^^^^^^^^^^^^^^^^^^^^^^^^^^^^^^^^^^^^^^^^^^^^^
            entry, exc=exc)), sys.exc_info()[2])
            ^^^^^^^^^^^^^^^^^^^^^^^^^^^^^^^^^^^^
  File "/Users/chat360team/Documents/papertrade/papertrade-backend/venv/lib/python3.13/site-packages/celery/exceptions.py", line 109, in reraise
    raise value.with_traceback(tb)
  File "/Users/chat360team/Documents/papertrade/papertrade-backend/venv/lib/python3.13/site-packages/celery/beat.py", line 402, in apply_async
    return task.apply_async(entry_args, entry_kwargs,
           ~~~~~~~~~~~~~~~~^^^^^^^^^^^^^^^^^^^^^^^^^^
                            producer=producer,
                            ^^^^^^^^^^^^^^^^^^
                            **entry.options)
                            ^^^^^^^^^^^^^^^^
  File "/Users/chat360team/Documents/papertrade/papertrade-backend/venv/lib/python3.13/site-packages/celery/app/task.py", line 594, in apply_async
    return app.send_task(
           ~~~~~~~~~~~~~^
        self.name, args, kwargs, task_id=task_id, producer=producer,
        ^^^^^^^^^^^^^^^^^^^^^^^^^^^^^^^^^^^^^^^^^^^^^^^^^^^^^^^^^^^^
    ...<2 lines>...
        **options
        ^^^^^^^^^
    )
    ^
  File "/Users/chat360team/Documents/papertrade/papertrade-backend/venv/lib/python3.13/site-packages/celery/app/base.py", line 795, in send_task
    with P.connection._reraise_as_library_errors():
         ~~~~~~~~~~~~~~~~~~~~~~~~~~~~~~~~~~~~~~~^^
  File "/Library/Frameworks/Python.framework/Versions/3.13/lib/python3.13/contextlib.py", line 162, in __exit__
    self.gen.throw(value)
    ~~~~~~~~~~~~~~^^^^^^^
  File "/Users/chat360team/Documents/papertrade/papertrade-backend/venv/lib/python3.13/site-packages/kombu/connection.py", line 478, in _reraise_as_library_errors
    raise ConnectionError(str(exc)) from exc
celery.beat.SchedulingError: Couldn't apply scheduled task cleanup-notifications-daily: max requests limit exceeded. Limit: 500000, Usage: 500000. See https://upstash.com/docs/redis/troubleshooting/max_requests_limit for details
[2026-02-16 08:56:04,115: INFO/MainProcess] Scheduler: Sending due task auto-sync-daily (apps.sync.tasks.auto_sync_daily)
[2026-02-16 08:56:07,404: ERROR/MainProcess] Message Error: Couldn't apply scheduled task auto-sync-daily: max requests limit exceeded. Limit: 500000, Usage: 500000. See https://upstash.com/docs/redis/troubleshooting/max_requests_limit for details
['  File "/Users/chat360team/Documents/papertrade/papertrade-backend/venv/bin/celery", line 7, in <module>\n    sys.exit(main())\n', '  File "/Users/chat360team/Documents/papertrade/papertrade-backend/venv/lib/python3.13/site-packages/celery/__main__.py", line 15, in main\n    sys.exit(_main())\n', '  File "/Users/chat360team/Documents/papertrade/papertrade-backend/venv/lib/python3.13/site-packages/celery/bin/celery.py", line 236, in main\n    return celery(auto_envvar_prefix="CELERY")\n', '  File "/Users/chat360team/Documents/papertrade/papertrade-backend/venv/lib/python3.13/site-packages/click/core.py", line 1485, in __call__\n    return self.main(*args, **kwargs)\n', '  File "/Users/chat360team/Documents/papertrade/papertrade-backend/venv/lib/python3.13/site-packages/click/core.py", line 1406, in main\n    rv = self.invoke(ctx)\n', '  File "/Users/chat360team/Documents/papertrade/papertrade-backend/venv/lib/python3.13/site-packages/click/core.py", line 1873, in invoke\n    return _process_result(sub_ctx.command.invoke(sub_ctx))\n', '  File "/Users/chat360team/Documents/papertrade/papertrade-backend/venv/lib/python3.13/site-packages/click/core.py", line 1269, in invoke\n    return ctx.invoke(self.callback, **ctx.params)\n', '  File "/Users/chat360team/Documents/papertrade/papertrade-backend/venv/lib/python3.13/site-packages/click/core.py", line 824, in invoke\n    return callback(*args, **kwargs)\n', '  File "/Users/chat360team/Documents/papertrade/papertrade-backend/venv/lib/python3.13/site-packages/click/decorators.py", line 34, in new_func\n    return f(get_current_context(), *args, **kwargs)\n', '  File "/Users/chat360team/Documents/papertrade/papertrade-backend/venv/lib/python3.13/site-packages/celery/bin/base.py", line 134, in caller\n    return f(ctx, *args, **kwargs)\n', '  File "/Users/chat360team/Documents/papertrade/papertrade-backend/venv/lib/python3.13/site-packages/celery/bin/beat.py", line 72, in beat\n    return beat().run()\n', '  File "/Users/chat360team/Documents/papertrade/papertrade-backend/venv/lib/python3.13/site-packages/celery/apps/beat.py", line 84, in run\n    self.start_scheduler()\n', '  File "/Users/chat360team/Documents/papertrade/papertrade-backend/venv/lib/python3.13/site-packages/celery/apps/beat.py", line 113, in start_scheduler\n    service.start()\n', '  File "/Users/chat360team/Documents/papertrade/papertrade-backend/venv/lib/python3.13/site-packages/celery/beat.py", line 643, in start\n    interval = self.scheduler.tick()\n', '  File "/Users/chat360team/Documents/papertrade/papertrade-backend/venv/lib/python3.13/site-packages/celery/beat.py", line 353, in tick\n    self.apply_entry(entry, producer=self.producer)\n', '  File "/Users/chat360team/Documents/papertrade/papertrade-backend/venv/lib/python3.13/site-packages/celery/beat.py", line 283, in apply_entry\n    exc, traceback.format_stack(), exc_info=True)\n']
Traceback (most recent call last):
  File "/Users/chat360team/Documents/papertrade/papertrade-backend/venv/lib/python3.13/site-packages/kombu/connection.py", line 474, in _reraise_as_library_errors
    yield
  File "/Users/chat360team/Documents/papertrade/papertrade-backend/venv/lib/python3.13/site-packages/kombu/connection.py", line 558, in _ensured
    return fun(*args, **kwargs)
  File "/Users/chat360team/Documents/papertrade/papertrade-backend/venv/lib/python3.13/site-packages/kombu/common.py", line 155, in _maybe_declare
    entity.declare(channel=channel)
    ~~~~~~~~~~~~~~^^^^^^^^^^^^^^^^^
  File "/Users/chat360team/Documents/papertrade/papertrade-backend/venv/lib/python3.13/site-packages/kombu/entity.py", line 617, in declare
    self._create_queue(nowait=nowait, channel=channel)
    ~~~~~~~~~~~~~~~~~~^^^^^^^^^^^^^^^^^^^^^^^^^^^^^^^^
  File "/Users/chat360team/Documents/papertrade/papertrade-backend/venv/lib/python3.13/site-packages/kombu/entity.py", line 626, in _create_queue
    self.queue_declare(nowait=nowait, passive=False, channel=channel)
    ~~~~~~~~~~~~~~~~~~^^^^^^^^^^^^^^^^^^^^^^^^^^^^^^^^^^^^^^^^^^^^^^^
  File "/Users/chat360team/Documents/papertrade/papertrade-backend/venv/lib/python3.13/site-packages/kombu/entity.py", line 655, in queue_declare
    ret = channel.queue_declare(
        queue=self.name,
    ...<5 lines>...
        nowait=nowait,
    )
  File "/Users/chat360team/Documents/papertrade/papertrade-backend/venv/lib/python3.13/site-packages/kombu/transport/virtual/base.py", line 538, in queue_declare
    return queue_declare_ok_t(queue, self._size(queue), 0)
                                     ~~~~~~~~~~^^^^^^^
  File "/Users/chat360team/Documents/papertrade/papertrade-backend/venv/lib/python3.13/site-packages/kombu/transport/redis.py", line 1020, in _size
    sizes = pipe.execute()
  File "/Users/chat360team/Documents/papertrade/papertrade-backend/venv/lib/python3.13/site-packages/redis/client.py", line 1478, in execute
    return conn.retry.call_with_retry(
           ~~~~~~~~~~~~~~~~~~~~~~~~~~^
        lambda: execute(conn, stack, raise_on_error),
        ^^^^^^^^^^^^^^^^^^^^^^^^^^^^^^^^^^^^^^^^^^^^^
        lambda error: self._disconnect_raise_reset(conn, error),
        ^^^^^^^^^^^^^^^^^^^^^^^^^^^^^^^^^^^^^^^^^^^^^^^^^^^^^^^^
    )
    ^
  File "/Users/chat360team/Documents/papertrade/papertrade-backend/venv/lib/python3.13/site-packages/redis/retry.py", line 46, in call_with_retry
    return do()
  File "/Users/chat360team/Documents/papertrade/papertrade-backend/venv/lib/python3.13/site-packages/redis/client.py", line 1479, in <lambda>
    lambda: execute(conn, stack, raise_on_error),
            ~~~~~~~^^^^^^^^^^^^^^^^^^^^^^^^^^^^^
  File "/Users/chat360team/Documents/papertrade/papertrade-backend/venv/lib/python3.13/site-packages/redis/client.py", line 1348, in _execute_transaction
    response = self.parse_response(connection, "_")
  File "/Users/chat360team/Documents/papertrade/papertrade-backend/venv/lib/python3.13/site-packages/redis/client.py", line 1416, in parse_response
    result = Redis.parse_response(self, connection, command_name, **options)
  File "/Users/chat360team/Documents/papertrade/papertrade-backend/venv/lib/python3.13/site-packages/redis/client.py", line 553, in parse_response
    response = connection.read_response()
  File "/Users/chat360team/Documents/papertrade/papertrade-backend/venv/lib/python3.13/site-packages/redis/connection.py", line 524, in read_response
    raise response
redis.exceptions.ResponseError: max requests limit exceeded. Limit: 500000, Usage: 500000. See https://upstash.com/docs/redis/troubleshooting/max_requests_limit for details

The above exception was the direct cause of the following exception:

Traceback (most recent call last):
  File "/Users/chat360team/Documents/papertrade/papertrade-backend/venv/lib/python3.13/site-packages/celery/beat.py", line 402, in apply_async
    return task.apply_async(entry_args, entry_kwargs,
           ~~~~~~~~~~~~~~~~^^^^^^^^^^^^^^^^^^^^^^^^^^
                            producer=producer,
                            ^^^^^^^^^^^^^^^^^^
                            **entry.options)
                            ^^^^^^^^^^^^^^^^
  File "/Users/chat360team/Documents/papertrade/papertrade-backend/venv/lib/python3.13/site-packages/celery/app/task.py", line 594, in apply_async
    return app.send_task(
           ~~~~~~~~~~~~~^
        self.name, args, kwargs, task_id=task_id, producer=producer,
        ^^^^^^^^^^^^^^^^^^^^^^^^^^^^^^^^^^^^^^^^^^^^^^^^^^^^^^^^^^^^
    ...<2 lines>...
        **options
        ^^^^^^^^^
    )
    ^
  File "/Users/chat360team/Documents/papertrade/papertrade-backend/venv/lib/python3.13/site-packages/celery/app/base.py", line 798, in send_task
    amqp.send_task_message(P, name, message, **options)
    ~~~~~~~~~~~~~~~~~~~~~~^^^^^^^^^^^^^^^^^^^^^^^^^^^^^
  File "/Users/chat360team/Documents/papertrade/papertrade-backend/venv/lib/python3.13/site-packages/celery/app/amqp.py", line 517, in send_task_message
    ret = producer.publish(
        body,
    ...<7 lines>...
        **properties
    )
  File "/Users/chat360team/Documents/papertrade/papertrade-backend/venv/lib/python3.13/site-packages/kombu/messaging.py", line 190, in publish
    return _publish(
        body, priority, content_type, content_encoding,
        headers, properties, routing_key, mandatory, immediate,
        exchange_name, declare, timeout, confirm_timeout, retry, retry_policy
    )
  File "/Users/chat360team/Documents/papertrade/papertrade-backend/venv/lib/python3.13/site-packages/kombu/connection.py", line 558, in _ensured
    return fun(*args, **kwargs)
  File "/Users/chat360team/Documents/papertrade/papertrade-backend/venv/lib/python3.13/site-packages/kombu/messaging.py", line 208, in _publish
    maybe_declare(entity, retry=retry, **retry_policy)
    ~~~~~~~~~~~~~^^^^^^^^^^^^^^^^^^^^^^^^^^^^^^^^^^^^^
  File "/Users/chat360team/Documents/papertrade/papertrade-backend/venv/lib/python3.13/site-packages/kombu/messaging.py", line 107, in maybe_declare
    return maybe_declare(entity, self.channel, retry, **retry_policy)
  File "/Users/chat360team/Documents/papertrade/papertrade-backend/venv/lib/python3.13/site-packages/kombu/common.py", line 112, in maybe_declare
    return _imaybe_declare(entity, channel, **retry_policy)
  File "/Users/chat360team/Documents/papertrade/papertrade-backend/venv/lib/python3.13/site-packages/kombu/common.py", line 169, in _imaybe_declare
    return entity.channel.connection.client.ensure(
           ~~~~~~~~~~~~~~~~~~~~~~~~~~~~~~~~~~~~~~~~
        entity, _maybe_declare, **retry_policy)(entity, channel)
        ~~~~~~~~~~~~~~~~~~~~~~~~~~~~~~~~~~~~~~~^^^^^^^^^^^^^^^^^
  File "/Users/chat360team/Documents/papertrade/papertrade-backend/venv/lib/python3.13/site-packages/kombu/connection.py", line 555, in _ensured
    with self._reraise_as_library_errors():
         ~~~~~~~~~~~~~~~~~~~~~~~~~~~~~~~^^
  File "/Library/Frameworks/Python.framework/Versions/3.13/lib/python3.13/contextlib.py", line 162, in __exit__
    self.gen.throw(value)
    ~~~~~~~~~~~~~~^^^^^^^
  File "/Users/chat360team/Documents/papertrade/papertrade-backend/venv/lib/python3.13/site-packages/kombu/connection.py", line 478, in _reraise_as_library_errors
    raise ConnectionError(str(exc)) from exc
kombu.exceptions.OperationalError: max requests limit exceeded. Limit: 500000, Usage: 500000. See https://upstash.com/docs/redis/troubleshooting/max_requests_limit for details

During handling of the above exception, another exception occurred:

Traceback (most recent call last):
  File "/Users/chat360team/Documents/papertrade/papertrade-backend/venv/lib/python3.13/site-packages/celery/beat.py", line 280, in apply_entry
    result = self.apply_async(entry, producer=producer, advance=False)
  File "/Users/chat360team/Documents/papertrade/papertrade-backend/venv/lib/python3.13/site-packages/celery/beat.py", line 410, in apply_async
    reraise(SchedulingError, SchedulingError(
    ~~~~~~~^^^^^^^^^^^^^^^^^^^^^^^^^^^^^^^^^^
        "Couldn't apply scheduled task {0.name}: {exc}".format(
        ^^^^^^^^^^^^^^^^^^^^^^^^^^^^^^^^^^^^^^^^^^^^^^^^^^^^^^^
            entry, exc=exc)), sys.exc_info()[2])
            ^^^^^^^^^^^^^^^^^^^^^^^^^^^^^^^^^^^^
  File "/Users/chat360team/Documents/papertrade/papertrade-backend/venv/lib/python3.13/site-packages/celery/exceptions.py", line 109, in reraise
    raise value.with_traceback(tb)
  File "/Users/chat360team/Documents/papertrade/papertrade-backend/venv/lib/python3.13/site-packages/celery/beat.py", line 402, in apply_async
    return task.apply_async(entry_args, entry_kwargs,
           ~~~~~~~~~~~~~~~~^^^^^^^^^^^^^^^^^^^^^^^^^^
                            producer=producer,
                            ^^^^^^^^^^^^^^^^^^
                            **entry.options)
                            ^^^^^^^^^^^^^^^^
  File "/Users/chat360team/Documents/papertrade/papertrade-backend/venv/lib/python3.13/site-packages/celery/app/task.py", line 594, in apply_async
    return app.send_task(
           ~~~~~~~~~~~~~^
        self.name, args, kwargs, task_id=task_id, producer=producer,
        ^^^^^^^^^^^^^^^^^^^^^^^^^^^^^^^^^^^^^^^^^^^^^^^^^^^^^^^^^^^^
    ...<2 lines>...
        **options
        ^^^^^^^^^
    )
    ^
  File "/Users/chat360team/Documents/papertrade/papertrade-backend/venv/lib/python3.13/site-packages/celery/app/base.py", line 798, in send_task
    amqp.send_task_message(P, name, message, **options)
    ~~~~~~~~~~~~~~~~~~~~~~^^^^^^^^^^^^^^^^^^^^^^^^^^^^^
  File "/Users/chat360team/Documents/papertrade/papertrade-backend/venv/lib/python3.13/site-packages/celery/app/amqp.py", line 517, in send_task_message
    ret = producer.publish(
        body,
    ...<7 lines>...
        **properties
    )
  File "/Users/chat360team/Documents/papertrade/papertrade-backend/venv/lib/python3.13/site-packages/kombu/messaging.py", line 190, in publish
    return _publish(
        body, priority, content_type, content_encoding,
        headers, properties, routing_key, mandatory, immediate,
        exchange_name, declare, timeout, confirm_timeout, retry, retry_policy
    )
  File "/Users/chat360team/Documents/papertrade/papertrade-backend/venv/lib/python3.13/site-packages/kombu/connection.py", line 558, in _ensured
    return fun(*args, **kwargs)
  File "/Users/chat360team/Documents/papertrade/papertrade-backend/venv/lib/python3.13/site-packages/kombu/messaging.py", line 208, in _publish
    maybe_declare(entity, retry=retry, **retry_policy)
    ~~~~~~~~~~~~~^^^^^^^^^^^^^^^^^^^^^^^^^^^^^^^^^^^^^
  File "/Users/chat360team/Documents/papertrade/papertrade-backend/venv/lib/python3.13/site-packages/kombu/messaging.py", line 107, in maybe_declare
    return maybe_declare(entity, self.channel, retry, **retry_policy)
  File "/Users/chat360team/Documents/papertrade/papertrade-backend/venv/lib/python3.13/site-packages/kombu/common.py", line 112, in maybe_declare
    return _imaybe_declare(entity, channel, **retry_policy)
  File "/Users/chat360team/Documents/papertrade/papertrade-backend/venv/lib/python3.13/site-packages/kombu/common.py", line 169, in _imaybe_declare
    return entity.channel.connection.client.ensure(
           ~~~~~~~~~~~~~~~~~~~~~~~~~~~~~~~~~~~~~~~~
        entity, _maybe_declare, **retry_policy)(entity, channel)
        ~~~~~~~~~~~~~~~~~~~~~~~~~~~~~~~~~~~~~~~^^^^^^^^^^^^^^^^^
  File "/Users/chat360team/Documents/papertrade/papertrade-backend/venv/lib/python3.13/site-packages/kombu/connection.py", line 555, in _ensured
    with self._reraise_as_library_errors():
         ~~~~~~~~~~~~~~~~~~~~~~~~~~~~~~~^^
  File "/Library/Frameworks/Python.framework/Versions/3.13/lib/python3.13/contextlib.py", line 162, in __exit__
    self.gen.throw(value)
    ~~~~~~~~~~~~~~^^^^^^^
  File "/Users/chat360team/Documents/papertrade/papertrade-backend/venv/lib/python3.13/site-packages/kombu/connection.py", line 478, in _reraise_as_library_errors
    raise ConnectionError(str(exc)) from exc
celery.beat.SchedulingError: Couldn't apply scheduled task auto-sync-daily: max requests limit exceeded. Limit: 500000, Usage: 500000. See https://upstash.com/docs/redis/troubleshooting/max_requests_limit for details
