DEBUG 2026-02-08 22:27:49,921 functional 
def accumulate(self, *args, **kwargs):
    return 1

DEBUG 2026-02-08 22:27:49,923 functional 
def chord(self, header, body, partial_args=0, interval=1, countdown=2, max_retries=3, eager=4, **kwargs):
    return 1

DEBUG 2026-02-08 22:27:49,924 functional 
def sync_options_task(is_auto=0, user_id=1):
    return 1

DEBUG 2026-02-08 22:27:49,925 functional 
def unlock_chord(self, group_id, callback, interval=0, max_retries=1, result=2, Result=3, GroupResult=4, result_from_tuple=5, **kwargs):
    return 1

DEBUG 2026-02-08 22:27:49,926 functional 
def auto_sync_daily():
    return 1

DEBUG 2026-02-08 22:27:49,927 functional 
def execute_backtest_task(backtest_run_id, stock_ids, execution_mode=0):
    return 1

DEBUG 2026-02-08 22:27:49,927 functional 
def xmap(task, it):
    return 1

DEBUG 2026-02-08 22:27:49,928 functional 
def debug_task(self):
    return 1

DEBUG 2026-02-08 22:27:49,928 functional 
def xstarmap(task, it):
    return 1

DEBUG 2026-02-08 22:27:49,930 functional 
def delete_old_notifications():
    return 1

DEBUG 2026-02-08 22:27:49,932 functional 
def sync_hard_task(sync_type, start_date, end_date, instruments=0, user_id=1):
    return 1

DEBUG 2026-02-08 22:27:49,933 functional 
def chunks(task, it, n):
    return 1

DEBUG 2026-02-08 22:27:49,934 functional 
def sync_stocks_task(is_auto=0, user_id=1, from_date=2, to_date=3, instruments=4, sync_indices=5):
    return 1

DEBUG 2026-02-08 22:27:49,935 functional 
def group(self, tasks, result, group_id, partial_args, add_to_parent=0):
    return 1

DEBUG 2026-02-08 22:27:49,937 functional 
def backend_cleanup():
    return 1

DEBUG 2026-02-08 22:27:49,938 functional 
def chain(*args, **kwargs):
    return 1

[2026-02-08 22:27:50,350: WARNING/MainProcess] 
Setting ssl_cert_reqs=CERT_NONE when connecting to redis means that celery will not validate the identity of the redis broker when connecting. This leaves you vulnerable to man in the middle attacks.

SETTINGS-DEBUG: Looking for .env at: /Users/chat360team/Documents/papertrade/papertrade-backend/.env
SETTINGS-DEBUG: .env exists: True
SETTINGS-DEBUG: Loaded .env successfully
 
 -------------- celery@Chat360s-MacBook-Air.local v5.3.4 (emerald-rush)
--- ***** ----- 
-- ******* ---- macOS-13.2.1-arm64-arm-64bit-Mach-O 2026-02-08 22:27:50
- *** --- * --- 
- ** ---------- [config]
- ** ---------- .> app:         papertrade:0x104e1c2f0
- ** ---------- .> transport:   rediss://default:**@pumped-turkey-23712.upstash.io:6379//
- ** ---------- .> results:     rediss://default:**@pumped-turkey-23712.upstash.io:6379/
- *** --- * --- .> concurrency: 8 (prefork)
-- ******* ---- .> task events: OFF (enable -E to monitor tasks in this worker)
--- ***** ----- 
 -------------- [queues]
                .> celery           exchange=celery(direct) key=celery
                

[tasks]
  . apps.backtests.tasks.execute_backtest_task
  . apps.notifications.tasks.delete_old_notifications
  . apps.sync.tasks.auto_sync_daily
  . apps.sync.tasks.sync_hard_task
  . apps.sync.tasks.sync_options_task
  . apps.sync.tasks.sync_stocks_task
  . config.celery.debug_task

[2026-02-08 22:27:52,349: WARNING/MainProcess] /Users/chat360team/Documents/papertrade/papertrade-backend/venv/lib/python3.13/site-packages/celery/worker/consumer/consumer.py:507: CPendingDeprecationWarning: The broker_connection_retry configuration setting will no longer determine
whether broker connection retries are made during startup in Celery 6.0 and above.
If you wish to retain the existing behavior for retrying connections on startup,
you should set broker_connection_retry_on_startup to True.
  warnings.warn(

[2026-02-08 22:27:55,710: INFO/MainProcess] Connected to rediss://default:**@pumped-turkey-23712.upstash.io:6379//
[2026-02-08 22:27:55,716: WARNING/MainProcess] /Users/chat360team/Documents/papertrade/papertrade-backend/venv/lib/python3.13/site-packages/celery/worker/consumer/consumer.py:507: CPendingDeprecationWarning: The broker_connection_retry configuration setting will no longer determine
whether broker connection retries are made during startup in Celery 6.0 and above.
If you wish to retain the existing behavior for retrying connections on startup,
you should set broker_connection_retry_on_startup to True.
  warnings.warn(

[2026-02-08 22:27:57,750: INFO/MainProcess] mingle: searching for neighbors
[2026-02-08 22:28:04,083: INFO/MainProcess] mingle: all alone
[2026-02-08 22:28:11,037: INFO/MainProcess] celery@Chat360s-MacBook-Air.local ready.

worker: Warm shutdown (MainProcess)
