{"time": "2026-02-15 16:17:08", "level": "DEBUG", "name": "celery.utils.functional", "message": "
def accumulate(self, *args, **kwargs):
    return 1
"}
{"time": "2026-02-15 16:17:08", "level": "DEBUG", "name": "celery.utils.functional", "message": "
def chord(self, header, body, partial_args=0, interval=1, countdown=2, max_retries=3, eager=4, **kwargs):
    return 1
"}
{"time": "2026-02-15 16:17:08", "level": "DEBUG", "name": "celery.utils.functional", "message": "
def unlock_chord(self, group_id, callback, interval=0, max_retries=1, result=2, Result=3, GroupResult=4, result_from_tuple=5, **kwargs):
    return 1
"}
{"time": "2026-02-15 16:17:08", "level": "DEBUG", "name": "celery.utils.functional", "message": "
def sync_options_task(is_auto=0, user_id=1, from_date=2, to_date=3):
    return 1
"}
{"time": "2026-02-15 16:17:08", "level": "DEBUG", "name": "celery.utils.functional", "message": "
def auto_sync_daily():
    return 1
"}
{"time": "2026-02-15 16:17:08", "level": "DEBUG", "name": "celery.utils.functional", "message": "
def xmap(task, it):
    return 1
"}
{"time": "2026-02-15 16:17:08", "level": "DEBUG", "name": "celery.utils.functional", "message": "
def execute_backtest_task(backtest_run_id, stock_ids, execution_mode=0):
    return 1
"}
{"time": "2026-02-15 16:17:08", "level": "DEBUG", "name": "celery.utils.functional", "message": "
def debug_task(self):
    return 1
"}
{"time": "2026-02-15 16:17:08", "level": "DEBUG", "name": "celery.utils.functional", "message": "
def xstarmap(task, it):
    return 1
"}
{"time": "2026-02-15 16:17:08", "level": "DEBUG", "name": "celery.utils.functional", "message": "
def chunks(task, it, n):
    return 1
"}
{"time": "2026-02-15 16:17:08", "level": "DEBUG", "name": "celery.utils.functional", "message": "
def delete_old_notifications():
    return 1
"}
{"time": "2026-02-15 16:17:08", "level": "DEBUG", "name": "celery.utils.functional", "message": "
def sync_hard_task(sync_type, start_date, end_date, instruments=0, user_id=1):
    return 1
"}
{"time": "2026-02-15 16:17:08", "level": "DEBUG", "name": "celery.utils.functional", "message": "
def sync_stocks_task(is_auto=0, user_id=1, from_date=2, to_date=3, instruments=4, sync_indices=5):
    return 1
"}
{"time": "2026-02-15 16:17:08", "level": "DEBUG", "name": "celery.utils.functional", "message": "
def group(self, tasks, result, group_id, partial_args, add_to_parent=0):
    return 1
"}
{"time": "2026-02-15 16:17:08", "level": "DEBUG", "name": "celery.utils.functional", "message": "
def backend_cleanup():
    return 1
"}
{"time": "2026-02-15 16:17:08", "level": "DEBUG", "name": "celery.utils.functional", "message": "
def chain(*args, **kwargs):
    return 1
"}
{"time": "2026-02-15 16:17:08", "level": "DEBUG", "name": "celery.utils.functional", "message": "
def accumulate(self, *args, **kwargs):
    return 1
"}
{"time": "2026-02-15 16:17:08", "level": "DEBUG", "name": "celery.utils.functional", "message": "
def chord(self, header, body, partial_args=0, interval=1, countdown=2, max_retries=3, eager=4, **kwargs):
    return 1
"}
{"time": "2026-02-15 16:17:08", "level": "DEBUG", "name": "celery.utils.functional", "message": "
def unlock_chord(self, group_id, callback, interval=0, max_retries=1, result=2, Result=3, GroupResult=4, result_from_tuple=5, **kwargs):
    return 1
"}
{"time": "2026-02-15 16:17:08", "level": "DEBUG", "name": "celery.utils.functional", "message": "
def delete_old_notifications():
    return 1
"}
{"time": "2026-02-15 16:17:08", "level": "DEBUG", "name": "celery.utils.functional", "message": "
def sync_hard_task(sync_type, start_date, end_date, instruments=0, user_id=1):
    return 1
"}
{"time": "2026-02-15 16:17:08", "level": "DEBUG", "name": "celery.utils.functional", "message": "
def xmap(task, it):
    return 1
"}
{"time": "2026-02-15 16:17:08", "level": "DEBUG", "name": "celery.utils.functional", "message": "
def sync_stocks_task(is_auto=0, user_id=1, from_date=2, to_date=3, instruments=4, sync_indices=5):
    return 1
"}
{"time": "2026-02-15 16:17:08", "level": "DEBUG", "name": "celery.utils.functional", "message": "
def debug_task(self):
    return 1
"}
{"time": "2026-02-15 16:17:08", "level": "DEBUG", "name": "celery.utils.functional", "message": "
def xstarmap(task, it):
    return 1
"}
{"time": "2026-02-15 16:17:08", "level": "DEBUG", "name": "celery.utils.functional", "message": "
def chunks(task, it, n):
    return 1
"}
{"time": "2026-02-15 16:17:08", "level": "DEBUG", "name": "celery.utils.functional", "message": "
def group(self, tasks, result, group_id, partial_args, add_to_parent=0):
    return 1
"}
{"time": "2026-02-15 16:17:08", "level": "DEBUG", "name": "celery.utils.functional", "message": "
def sync_options_task(is_auto=0, user_id=1, from_date=2, to_date=3):
    return 1
"}
{"time": "2026-02-15 16:17:08", "level": "DEBUG", "name": "celery.utils.functional", "message": "
def backend_cleanup():
    return 1
"}
{"time": "2026-02-15 16:17:08", "level": "DEBUG", "name": "celery.utils.functional", "message": "
def auto_sync_daily():
    return 1
"}
{"time": "2026-02-15 16:17:08", "level": "DEBUG", "name": "celery.utils.functional", "message": "
def execute_backtest_task(backtest_run_id, stock_ids, execution_mode=0):
    return 1
"}
{"time": "2026-02-15 16:17:08", "level": "DEBUG", "name": "celery.utils.functional", "message": "
def chain(*args, **kwargs):
    return 1
"}
{"time": "2026-02-15 16:51:47", "level": "DEBUG", "name": "celery.utils.functional", "message": "
def accumulate(self, *args, **kwargs):
    return 1
"}
{"time": "2026-02-15 16:51:47", "level": "DEBUG", "name": "celery.utils.functional", "message": "
def accumulate(self, *args, **kwargs):
    return 1
"}
{"time": "2026-02-15 16:51:47", "level": "DEBUG", "name": "celery.utils.functional", "message": "
def chord(self, header, body, partial_args=0, interval=1, countdown=2, max_retries=3, eager=4, **kwargs):
    return 1
"}
{"time": "2026-02-15 16:51:47", "level": "DEBUG", "name": "celery.utils.functional", "message": "
def chord(self, header, body, partial_args=0, interval=1, countdown=2, max_retries=3, eager=4, **kwargs):
    return 1
"}
{"time": "2026-02-15 16:51:47", "level": "DEBUG", "name": "celery.utils.functional", "message": "
def unlock_chord(self, group_id, callback, interval=0, max_retries=1, result=2, Result=3, GroupResult=4, result_from_tuple=5, **kwargs):
    return 1
"}
{"time": "2026-02-15 16:51:47", "level": "DEBUG", "name": "celery.utils.functional", "message": "
def unlock_chord(self, group_id, callback, interval=0, max_retries=1, result=2, Result=3, GroupResult=4, result_from_tuple=5, **kwargs):
    return 1
"}
{"time": "2026-02-15 16:51:47", "level": "DEBUG", "name": "celery.utils.functional", "message": "
def delete_old_notifications():
    return 1
"}
{"time": "2026-02-15 16:51:47", "level": "DEBUG", "name": "celery.utils.functional", "message": "
def sync_options_task(is_auto=0, user_id=1, from_date=2, to_date=3):
    return 1
"}
{"time": "2026-02-15 16:51:47", "level": "DEBUG", "name": "celery.utils.functional", "message": "
def auto_sync_daily():
    return 1
"}
{"time": "2026-02-15 16:51:47", "level": "DEBUG", "name": "celery.utils.functional", "message": "
def xmap(task, it):
    return 1
"}
{"time": "2026-02-15 16:51:47", "level": "DEBUG", "name": "celery.utils.functional", "message": "
def sync_hard_task(sync_type, start_date, end_date, instruments=0, user_id=1):
    return 1
"}
{"time": "2026-02-15 16:51:47", "level": "DEBUG", "name": "celery.utils.functional", "message": "
def xmap(task, it):
    return 1
"}
{"time": "2026-02-15 16:51:47", "level": "DEBUG", "name": "celery.utils.functional", "message": "
def sync_stocks_task(is_auto=0, user_id=1, from_date=2, to_date=3, instruments=4, sync_indices=5):
    return 1
"}
{"time": "2026-02-15 16:51:47", "level": "DEBUG", "name": "celery.utils.functional", "message": "
def execute_backtest_task(backtest_run_id, stock_ids, execution_mode=0):
    return 1
"}
{"time": "2026-02-15 16:51:47", "level": "DEBUG", "name": "celery.utils.functional", "message": "
def debug_task(self):
    return 1
"}
{"time": "2026-02-15 16:51:47", "level": "DEBUG", "name": "celery.utils.functional", "message": "
def xstarmap(task, it):
    return 1
"}
{"time": "2026-02-15 16:51:47", "level": "DEBUG", "name": "celery.utils.functional", "message": "
def chunks(task, it, n):
    return 1
"}
{"time": "2026-02-15 16:51:47", "level": "DEBUG", "name": "celery.utils.functional", "message": "
def group(self, tasks, result, group_id, partial_args, add_to_parent=0):
    return 1
"}
{"time": "2026-02-15 16:51:47", "level": "DEBUG", "name": "celery.utils.functional", "message": "
def sync_options_task(is_auto=0, user_id=1, from_date=2, to_date=3):
    return 1
"}
{"time": "2026-02-15 16:51:47", "level": "DEBUG", "name": "celery.utils.functional", "message": "
def debug_task(self):
    return 1
"}
{"time": "2026-02-15 16:51:47", "level": "DEBUG", "name": "celery.utils.functional", "message": "
def backend_cleanup():
    return 1
"}
{"time": "2026-02-15 16:51:47", "level": "DEBUG", "name": "celery.utils.functional", "message": "
def auto_sync_daily():
    return 1
"}
{"time": "2026-02-15 16:51:47", "level": "DEBUG", "name": "celery.utils.functional", "message": "
def execute_backtest_task(backtest_run_id, stock_ids, execution_mode=0):
    return 1
"}
{"time": "2026-02-15 16:51:47", "level": "DEBUG", "name": "celery.utils.functional", "message": "
def chain(*args, **kwargs):
    return 1
"}
{"time": "2026-02-15 16:51:47", "level": "DEBUG", "name": "celery.utils.functional", "message": "
def xstarmap(task, it):
    return 1
"}
{"time": "2026-02-15 16:51:47", "level": "DEBUG", "name": "celery.utils.functional", "message": "
def chunks(task, it, n):
    return 1
"}
{"time": "2026-02-15 16:51:47", "level": "DEBUG", "name": "celery.utils.functional", "message": "
def delete_old_notifications():
    return 1
"}
{"time": "2026-02-15 16:51:47", "level": "DEBUG", "name": "celery.utils.functional", "message": "
def sync_hard_task(sync_type, start_date, end_date, instruments=0, user_id=1):
    return 1
"}
{"time": "2026-02-15 16:51:47", "level": "DEBUG", "name": "celery.utils.functional", "message": "
def sync_stocks_task(is_auto=0, user_id=1, from_date=2, to_date=3, instruments=4, sync_indices=5):
    return 1
"}
{"time": "2026-02-15 16:51:47", "level": "DEBUG", "name": "celery.utils.functional", "message": "
def group(self, tasks, result, group_id, partial_args, add_to_parent=0):
    return 1
"}
{"time": "2026-02-15 16:51:47", "level": "DEBUG", "name": "celery.utils.functional", "message": "
def backend_cleanup():
    return 1
"}
{"time": "2026-02-15 16:51:47", "level": "DEBUG", "name": "celery.utils.functional", "message": "
def chain(*args, **kwargs):
    return 1
"}
{"time": "2026-02-15 16:53:39", "level": "DEBUG", "name": "celery.utils.functional", "message": "
def accumulate(self, *args, **kwargs):
    return 1
"}
{"time": "2026-02-15 16:53:39", "level": "DEBUG", "name": "celery.utils.functional", "message": "
def chord(self, header, body, partial_args=0, interval=1, countdown=2, max_retries=3, eager=4, **kwargs):
    return 1
"}
{"time": "2026-02-15 16:53:39", "level": "DEBUG", "name": "celery.utils.functional", "message": "
def unlock_chord(self, group_id, callback, interval=0, max_retries=1, result=2, Result=3, GroupResult=4, result_from_tuple=5, **kwargs):
    return 1
"}
{"time": "2026-02-15 16:53:39", "level": "DEBUG", "name": "celery.utils.functional", "message": "
def delete_old_notifications():
    return 1
"}
{"time": "2026-02-15 16:53:39", "level": "DEBUG", "name": "celery.utils.functional", "message": "
def sync_hard_task(sync_type, start_date, end_date, instruments=0, user_id=1):
    return 1
"}
{"time": "2026-02-15 16:53:39", "level": "DEBUG", "name": "celery.utils.functional", "message": "
def xmap(task, it):
    return 1
"}
{"time": "2026-02-15 16:53:39", "level": "DEBUG", "name": "celery.utils.functional", "message": "
def sync_stocks_task(is_auto=0, user_id=1, from_date=2, to_date=3, instruments=4, sync_indices=5):
    return 1
"}
{"time": "2026-02-15 16:53:39", "level": "DEBUG", "name": "celery.utils.functional", "message": "
def debug_task(self):
    return 1
"}
{"time": "2026-02-15 16:53:39", "level": "DEBUG", "name": "celery.utils.functional", "message": "
def xstarmap(task, it):
    return 1
"}
{"time": "2026-02-15 16:53:39", "level": "DEBUG", "name": "celery.utils.functional", "message": "
def chunks(task, it, n):
    return 1
"}
{"time": "2026-02-15 16:53:39", "level": "DEBUG", "name": "celery.utils.functional", "message": "
def group(self, tasks, result, group_id, partial_args, add_to_parent=0):
    return 1
"}
{"time": "2026-02-15 16:53:39", "level": "DEBUG", "name": "celery.utils.functional", "message": "
def sync_options_task(is_auto=0, user_id=1, from_date=2, to_date=3):
    return 1
"}
{"time": "2026-02-15 16:53:39", "level": "DEBUG", "name": "celery.utils.functional", "message": "
def accumulate(self, *args, **kwargs):
    return 1
"}
{"time": "2026-02-15 16:53:39", "level": "DEBUG", "name": "celery.utils.functional", "message": "
def backend_cleanup():
    return 1
"}
{"time": "2026-02-15 16:53:39", "level": "DEBUG", "name": "celery.utils.functional", "message": "
def auto_sync_daily():
    return 1
"}
{"time": "2026-02-15 16:53:39", "level": "DEBUG", "name": "celery.utils.functional", "message": "
def execute_backtest_task(backtest_run_id, stock_ids, execution_mode=0):
    return 1
"}
{"time": "2026-02-15 16:53:39", "level": "DEBUG", "name": "celery.utils.functional", "message": "
def chord(self, header, body, partial_args=0, interval=1, countdown=2, max_retries=3, eager=4, **kwargs):
    return 1
"}
{"time": "2026-02-15 16:53:39", "level": "DEBUG", "name": "celery.utils.functional", "message": "
def chain(*args, **kwargs):
    return 1
"}
{"time": "2026-02-15 16:53:39", "level": "DEBUG", "name": "celery.utils.functional", "message": "
def unlock_chord(self, group_id, callback, interval=0, max_retries=1, result=2, Result=3, GroupResult=4, result_from_tuple=5, **kwargs):
    return 1
"}
{"time": "2026-02-15 16:53:39", "level": "DEBUG", "name": "celery.utils.functional", "message": "
def sync_options_task(is_auto=0, user_id=1, from_date=2, to_date=3):
    return 1
"}
{"time": "2026-02-15 16:53:39", "level": "DEBUG", "name": "celery.utils.functional", "message": "
def auto_sync_daily():
    return 1
"}
{"time": "2026-02-15 16:53:39", "level": "DEBUG", "name": "celery.utils.functional", "message": "
def xmap(task, it):
    return 1
"}
{"time": "2026-02-15 16:53:39", "level": "DEBUG", "name": "celery.utils.functional", "message": "
def execute_backtest_task(backtest_run_id, stock_ids, execution_mode=0):
    return 1
"}
{"time": "2026-02-15 16:53:39", "level": "DEBUG", "name": "celery.utils.functional", "message": "
def debug_task(self):
    return 1
"}
{"time": "2026-02-15 16:53:39", "level": "DEBUG", "name": "celery.utils.functional", "message": "
def xstarmap(task, it):
    return 1
"}
{"time": "2026-02-15 16:53:39", "level": "DEBUG", "name": "celery.utils.functional", "message": "
def chunks(task, it, n):
    return 1
"}
{"time": "2026-02-15 16:53:39", "level": "DEBUG", "name": "celery.utils.functional", "message": "
def delete_old_notifications():
    return 1
"}
{"time": "2026-02-15 16:53:39", "level": "DEBUG", "name": "celery.utils.functional", "message": "
def sync_hard_task(sync_type, start_date, end_date, instruments=0, user_id=1):
    return 1
"}
{"time": "2026-02-15 16:53:39", "level": "DEBUG", "name": "celery.utils.functional", "message": "
def sync_stocks_task(is_auto=0, user_id=1, from_date=2, to_date=3, instruments=4, sync_indices=5):
    return 1
"}
{"time": "2026-02-15 16:53:39", "level": "DEBUG", "name": "celery.utils.functional", "message": "
def group(self, tasks, result, group_id, partial_args, add_to_parent=0):
    return 1
"}
{"time": "2026-02-15 16:53:39", "level": "DEBUG", "name": "celery.utils.functional", "message": "
def backend_cleanup():
    return 1
"}
{"time": "2026-02-15 16:53:39", "level": "DEBUG", "name": "celery.utils.functional", "message": "
def chain(*args, **kwargs):
    return 1
"}
{"time": "2026-02-15 17:03:30", "level": "DEBUG", "name": "celery.utils.functional", "message": "
def accumulate(self, *args, **kwargs):
    return 1
"}
{"time": "2026-02-15 17:03:30", "level": "DEBUG", "name": "celery.utils.functional", "message": "
def chord(self, header, body, partial_args=0, interval=1, countdown=2, max_retries=3, eager=4, **kwargs):
    return 1
"}
{"time": "2026-02-15 17:03:30", "level": "DEBUG", "name": "celery.utils.functional", "message": "
def unlock_chord(self, group_id, callback, interval=0, max_retries=1, result=2, Result=3, GroupResult=4, result_from_tuple=5, **kwargs):
    return 1
"}
{"time": "2026-02-15 17:03:30", "level": "DEBUG", "name": "celery.utils.functional", "message": "
def sync_options_task(is_auto=0, user_id=1, from_date=2, to_date=3):
    return 1
"}
{"time": "2026-02-15 17:03:30", "level": "DEBUG", "name": "celery.utils.functional", "message": "
def accumulate(self, *args, **kwargs):
    return 1
"}
{"time": "2026-02-15 17:03:30", "level": "DEBUG", "name": "celery.utils.functional", "message": "
def chord(self, header, body, partial_args=0, interval=1, countdown=2, max_retries=3, eager=4, **kwargs):
    return 1
"}
{"time": "2026-02-15 17:03:30", "level": "DEBUG", "name": "celery.utils.functional", "message": "
def auto_sync_daily():
    return 1
"}
{"time": "2026-02-15 17:03:30", "level": "DEBUG", "name": "celery.utils.functional", "message": "
def unlock_chord(self, group_id, callback, interval=0, max_retries=1, result=2, Result=3, GroupResult=4, result_from_tuple=5, **kwargs):
    return 1
"}
{"time": "2026-02-15 17:03:30", "level": "DEBUG", "name": "celery.utils.functional", "message": "
def delete_old_notifications():
    return 1
"}
{"time": "2026-02-15 17:03:30", "level": "DEBUG", "name": "celery.utils.functional", "message": "
def xmap(task, it):
    return 1
"}
{"time": "2026-02-15 17:03:30", "level": "DEBUG", "name": "celery.utils.functional", "message": "
def execute_backtest_task(backtest_run_id, stock_ids, execution_mode=0):
    return 1
"}
{"time": "2026-02-15 17:03:30", "level": "DEBUG", "name": "celery.utils.functional", "message": "
def sync_hard_task(sync_type, start_date, end_date, instruments=0, user_id=1):
    return 1
"}
{"time": "2026-02-15 17:03:30", "level": "DEBUG", "name": "celery.utils.functional", "message": "
def debug_task(self):
    return 1
"}
{"time": "2026-02-15 17:03:30", "level": "DEBUG", "name": "celery.utils.functional", "message": "
def xstarmap(task, it):
    return 1
"}
{"time": "2026-02-15 17:03:30", "level": "DEBUG", "name": "celery.utils.functional", "message": "
def xmap(task, it):
    return 1
"}
{"time": "2026-02-15 17:03:30", "level": "DEBUG", "name": "celery.utils.functional", "message": "
def chunks(task, it, n):
    return 1
"}
{"time": "2026-02-15 17:03:30", "level": "DEBUG", "name": "celery.utils.functional", "message": "
def delete_old_notifications():
    return 1
"}
{"time": "2026-02-15 17:03:30", "level": "DEBUG", "name": "celery.utils.functional", "message": "
def sync_hard_task(sync_type, start_date, end_date, instruments=0, user_id=1):
    return 1
"}
{"time": "2026-02-15 17:03:30", "level": "DEBUG", "name": "celery.utils.functional", "message": "
def sync_stocks_task(is_auto=0, user_id=1, from_date=2, to_date=3, instruments=4, sync_indices=5):
    return 1
"}
{"time": "2026-02-15 17:03:30", "level": "DEBUG", "name": "celery.utils.functional", "message": "
def sync_stocks_task(is_auto=0, user_id=1, from_date=2, to_date=3, instruments=4, sync_indices=5):
    return 1
"}
{"time": "2026-02-15 17:03:30", "level": "DEBUG", "name": "celery.utils.functional", "message": "
def group(self, tasks, result, group_id, partial_args, add_to_parent=0):
    return 1
"}
{"time": "2026-02-15 17:03:30", "level": "DEBUG", "name": "celery.utils.functional", "message": "
def backend_cleanup():
    return 1
"}
{"time": "2026-02-15 17:03:30", "level": "DEBUG", "name": "celery.utils.functional", "message": "
def chain(*args, **kwargs):
    return 1
"}
{"time": "2026-02-15 17:03:30", "level": "DEBUG", "name": "celery.utils.functional", "message": "
def debug_task(self):
    return 1
"}
{"time": "2026-02-15 17:03:30", "level": "DEBUG", "name": "celery.utils.functional", "message": "
def xstarmap(task, it):
    return 1
"}
{"time": "2026-02-15 17:03:30", "level": "DEBUG", "name": "celery.utils.functional", "message": "
def chunks(task, it, n):
    return 1
"}
{"time": "2026-02-15 17:03:30", "level": "DEBUG", "name": "celery.utils.functional", "message": "
def group(self, tasks, result, group_id, partial_args, add_to_parent=0):
    return 1
"}
{"time": "2026-02-15 17:03:30", "level": "DEBUG", "name": "celery.utils.functional", "message": "
def sync_options_task(is_auto=0, user_id=1, from_date=2, to_date=3):
    return 1
"}
{"time": "2026-02-15 17:03:30", "level": "DEBUG", "name": "celery.utils.functional", "message": "
def backend_cleanup():
    return 1
"}
{"time": "2026-02-15 17:03:30", "level": "DEBUG", "name": "celery.utils.functional", "message": "
def auto_sync_daily():
    return 1
"}
{"time": "2026-02-15 17:03:30", "level": "DEBUG", "name": "celery.utils.functional", "message": "
def execute_backtest_task(backtest_run_id, stock_ids, execution_mode=0):
    return 1
"}
{"time": "2026-02-15 17:03:30", "level": "DEBUG", "name": "celery.utils.functional", "message": "
def chain(*args, **kwargs):
    return 1
"}
{"time": "2026-02-15 22:37:43", "level": "DEBUG", "name": "celery.utils.functional", "message": "
def unlock_chord(self, group_id, callback, interval=0, max_retries=1, result=2, Result=3, GroupResult=4, result_from_tuple=5, **kwargs):
    return 1
"}
{"time": "2026-02-15 22:37:43", "level": "DEBUG", "name": "celery.utils.functional", "message": "
def delete_old_notifications():
    return 1
"}
{"time": "2026-02-15 22:37:43", "level": "DEBUG", "name": "celery.utils.functional", "message": "
def sync_hard_task(sync_type, start_date, end_date, instruments=0, user_id=1):
    return 1
"}
{"time": "2026-02-15 22:37:43", "level": "DEBUG", "name": "celery.utils.functional", "message": "
def xmap(task, it):
    return 1
"}
{"time": "2026-02-15 22:37:43", "level": "DEBUG", "name": "celery.utils.functional", "message": "
def sync_stocks_task(is_auto=0, user_id=1, from_date=2, to_date=3, instruments=4, sync_indices=5):
    return 1
"}
{"time": "2026-02-15 22:37:43", "level": "DEBUG", "name": "celery.utils.functional", "message": "
def debug_task(self):
    return 1
"}
{"time": "2026-02-15 22:37:43", "level": "DEBUG", "name": "celery.utils.functional", "message": "
def xstarmap(task, it):
    return 1
"}
{"time": "2026-02-15 22:37:43", "level": "DEBUG", "name": "celery.utils.functional", "message": "
def chunks(task, it, n):
    return 1
"}
{"time": "2026-02-15 22:37:43", "level": "DEBUG", "name": "celery.utils.functional", "message": "
def group(self, tasks, result, group_id, partial_args, add_to_parent=0):
    return 1
"}
{"time": "2026-02-15 22:37:43", "level": "DEBUG", "name": "celery.utils.functional", "message": "
def sync_options_task(is_auto=0, user_id=1, from_date=2, to_date=3):
    return 1
"}
{"time": "2026-02-15 22:37:43", "level": "DEBUG", "name": "celery.utils.functional", "message": "
def backend_cleanup():
    return 1
"}
{"time": "2026-02-15 22:37:43", "level": "DEBUG", "name": "celery.utils.functional", "message": "
def auto_sync_daily():
    return 1
"}
{"time": "2026-02-15 22:37:43", "level": "DEBUG", "name": "celery.utils.functional", "message": "
def execute_backtest_task(backtest_run_id, stock_ids, execution_mode=0):
    return 1
"}
{"time": "2026-02-15 22:37:43", "level": "DEBUG", "name": "celery.utils.functional", "message": "
def chain(*args, **kwargs):
    return 1
"}
{"time": "2026-02-15 22:37:43", "level": "DEBUG", "name": "celery.utils.functional", "message": "
def accumulate(self, *args, **kwargs):
    return 1
"}
{"time": "2026-02-15 22:37:43", "level": "DEBUG", "name": "celery.utils.functional", "message": "
def chord(self, header, body, partial_args=0, interval=1, countdown=2, max_retries=3, eager=4, **kwargs):
    return 1
"}
{"time": "2026-02-15 22:37:43", "level": "DEBUG", "name": "celery.utils.functional", "message": "
def unlock_chord(self, group_id, callback, interval=0, max_retries=1, result=2, Result=3, GroupResult=4, result_from_tuple=5, **kwargs):
    return 1
"}
{"time": "2026-02-15 22:37:43", "level": "DEBUG", "name": "celery.utils.functional", "message": "
def xmap(task, it):
    return 1
"}
{"time": "2026-02-15 22:37:43", "level": "DEBUG", "name": "celery.utils.functional", "message": "
def debug_task(self):
    return 1
"}
{"time": "2026-02-15 22:37:43", "level": "DEBUG", "name": "celery.utils.functional", "message": "
def xstarmap(task, it):
    return 1
"}
{"time": "2026-02-15 22:37:43", "level": "DEBUG", "name": "celery.utils.functional", "message": "
def sync_options_task(is_auto=0, user_id=1, from_date=2, to_date=3):
    return 1
"}
{"time": "2026-02-15 22:37:43", "level": "DEBUG", "name": "celery.utils.functional", "message": "
def auto_sync_daily():
    return 1
"}
{"time": "2026-02-15 22:37:43", "level": "DEBUG", "name": "celery.utils.functional", "message": "
def chunks(task, it, n):
    return 1
"}
{"time": "2026-02-15 22:37:43", "level": "DEBUG", "name": "celery.utils.functional", "message": "
def execute_backtest_task(backtest_run_id, stock_ids, execution_mode=0):
    return 1
"}
{"time": "2026-02-15 22:37:43", "level": "DEBUG", "name": "celery.utils.functional", "message": "
def group(self, tasks, result, group_id, partial_args, add_to_parent=0):
    return 1
"}
{"time": "2026-02-15 22:37:43", "level": "DEBUG", "name": "celery.utils.functional", "message": "
def backend_cleanup():
    return 1
"}
{"time": "2026-02-15 22:37:43", "level": "DEBUG", "name": "celery.utils.functional", "message": "
def chain(*args, **kwargs):
    return 1
"}
{"time": "2026-02-15 22:37:43", "level": "DEBUG", "name": "celery.utils.functional", "message": "
def delete_old_notifications():
    return 1
"}
{"time": "2026-02-15 22:37:43", "level": "DEBUG", "name": "celery.utils.functional", "message": "
def accumulate(self, *args, **kwargs):
    return 1
"}
{"time": "2026-02-15 22:37:43", "level": "DEBUG", "name": "celery.utils.functional", "message": "
def sync_hard_task(sync_type, start_date, end_date, instruments=0, user_id=1):
    return 1
"}
{"time": "2026-02-15 22:37:43", "level": "DEBUG", "name": "celery.utils.functional", "message": "
def sync_stocks_task(is_auto=0, user_id=1, from_date=2, to_date=3, instruments=4, sync_indices=5):
    return 1
"}
{"time": "2026-02-15 22:37:43", "level": "DEBUG", "name": "celery.utils.functional", "message": "
def chord(self, header, body, partial_args=0, interval=1, countdown=2, max_retries=3, eager=4, **kwargs):
    return 1
"}
{"time": "2026-02-15 22:58:44", "level": "DEBUG", "name": "celery.utils.functional", "message": "
def unlock_chord(self, group_id, callback, interval=0, max_retries=1, result=2, Result=3, GroupResult=4, result_from_tuple=5, **kwargs):
    return 1
"}
{"time": "2026-02-15 22:58:44", "level": "DEBUG", "name": "celery.utils.functional", "message": "
def delete_old_notifications():
    return 1
"}
{"time": "2026-02-15 22:58:44", "level": "DEBUG", "name": "celery.utils.functional", "message": "
def sync_hard_task(sync_type, start_date, end_date, instruments=0, user_id=1):
    return 1
"}
{"time": "2026-02-15 22:58:44", "level": "DEBUG", "name": "celery.utils.functional", "message": "
def xmap(task, it):
    return 1
"}
{"time": "2026-02-15 22:58:44", "level": "DEBUG", "name": "celery.utils.functional", "message": "
def sync_stocks_task(is_auto=0, user_id=1, from_date=2, to_date=3, instruments=4, sync_indices=5):
    return 1
"}
{"time": "2026-02-15 22:58:44", "level": "DEBUG", "name": "celery.utils.functional", "message": "
def debug_task(self):
    return 1
"}
{"time": "2026-02-15 22:58:44", "level": "DEBUG", "name": "celery.utils.functional", "message": "
def xstarmap(task, it):
    return 1
"}
{"time": "2026-02-15 22:58:44", "level": "DEBUG", "name": "celery.utils.functional", "message": "
def chunks(task, it, n):
    return 1
"}
{"time": "2026-02-15 22:58:44", "level": "DEBUG", "name": "celery.utils.functional", "message": "
def group(self, tasks, result, group_id, partial_args, add_to_parent=0):
    return 1
"}
{"time": "2026-02-15 22:58:44", "level": "DEBUG", "name": "celery.utils.functional", "message": "
def sync_options_task(is_auto=0, user_id=1, from_date=2, to_date=3):
    return 1
"}
{"time": "2026-02-15 22:58:44", "level": "DEBUG", "name": "celery.utils.functional", "message": "
def backend_cleanup():
    return 1
"}
{"time": "2026-02-15 22:58:44", "level": "DEBUG", "name": "celery.utils.functional", "message": "
def auto_sync_daily():
    return 1
"}
{"time": "2026-02-15 22:58:44", "level": "DEBUG", "name": "celery.utils.functional", "message": "
def execute_backtest_task(backtest_run_id, stock_ids, execution_mode=0):
    return 1
"}
{"time": "2026-02-15 22:58:44", "level": "DEBUG", "name": "celery.utils.functional", "message": "
def chain(*args, **kwargs):
    return 1
"}
{"time": "2026-02-15 22:58:44", "level": "DEBUG", "name": "celery.utils.functional", "message": "
def accumulate(self, *args, **kwargs):
    return 1
"}
{"time": "2026-02-15 22:58:44", "level": "DEBUG", "name": "celery.utils.functional", "message": "
def chord(self, header, body, partial_args=0, interval=1, countdown=2, max_retries=3, eager=4, **kwargs):
    return 1
"}
{"time": "2026-02-15 22:58:44", "level": "DEBUG", "name": "celery.utils.functional", "message": "
def unlock_chord(self, group_id, callback, interval=0, max_retries=1, result=2, Result=3, GroupResult=4, result_from_tuple=5, **kwargs):
    return 1
"}
{"time": "2026-02-15 22:58:44", "level": "DEBUG", "name": "celery.utils.functional", "message": "
def xmap(task, it):
    return 1
"}
{"time": "2026-02-15 22:58:44", "level": "DEBUG", "name": "celery.utils.functional", "message": "
def debug_task(self):
    return 1
"}
{"time": "2026-02-15 22:58:44", "level": "DEBUG", "name": "celery.utils.functional", "message": "
def xstarmap(task, it):
    return 1
"}
{"time": "2026-02-15 22:58:44", "level": "DEBUG", "name": "celery.utils.functional", "message": "
def sync_options_task(is_auto=0, user_id=1, from_date=2, to_date=3):
    return 1
"}
{"time": "2026-02-15 22:58:44", "level": "DEBUG", "name": "celery.utils.functional", "message": "
def auto_sync_daily():
    return 1
"}
{"time": "2026-02-15 22:58:44", "level": "DEBUG", "name": "celery.utils.functional", "message": "
def chunks(task, it, n):
    return 1
"}
{"time": "2026-02-15 22:58:44", "level": "DEBUG", "name": "celery.utils.functional", "message": "
def execute_backtest_task(backtest_run_id, stock_ids, execution_mode=0):
    return 1
"}
{"time": "2026-02-15 22:58:44", "level": "DEBUG", "name": "celery.utils.functional", "message": "
def group(self, tasks, result, group_id, partial_args, add_to_parent=0):
    return 1
"}
{"time": "2026-02-15 22:58:44", "level": "DEBUG", "name": "celery.utils.functional", "message": "
def backend_cleanup():
    return 1
"}
{"time": "2026-02-15 22:58:44", "level": "DEBUG", "name": "celery.utils.functional", "message": "
def chain(*args, **kwargs):
    return 1
"}
{"time": "2026-02-15 22:58:44", "level": "DEBUG", "name": "celery.utils.functional", "message": "
def delete_old_notifications():
    return 1
"}
{"time": "2026-02-15 22:58:44", "level": "DEBUG", "name": "celery.utils.functional", "message": "
def accumulate(self, *args, **kwargs):
    return 1
"}
{"time": "2026-02-15 22:58:44", "level": "DEBUG", "name": "celery.utils.functional", "message": "
def sync_hard_task(sync_type, start_date, end_date, instruments=0, user_id=1):
    return 1
"}
{"time": "2026-02-15 22:58:44", "level": "DEBUG", "name": "celery.utils.functional", "message": "
def sync_stocks_task(is_auto=0, user_id=1, from_date=2, to_date=3, instruments=4, sync_indices=5):
    return 1
"}
{"time": "2026-02-15 22:58:44", "level": "DEBUG", "name": "celery.utils.functional", "message": "
def chord(self, header, body, partial_args=0, interval=1, countdown=2, max_retries=3, eager=4, **kwargs):
    return 1
"}
{"time": "2026-02-15 23:03:40", "level": "DEBUG", "name": "celery.utils.functional", "message": "
def unlock_chord(self, group_id, callback, interval=0, max_retries=1, result=2, Result=3, GroupResult=4, result_from_tuple=5, **kwargs):
    return 1
"}
{"time": "2026-02-15 23:03:40", "level": "DEBUG", "name": "celery.utils.functional", "message": "
def xmap(task, it):
    return 1
"}
{"time": "2026-02-15 23:03:40", "level": "DEBUG", "name": "celery.utils.functional", "message": "
def debug_task(self):
    return 1
"}
{"time": "2026-02-15 23:03:40", "level": "DEBUG", "name": "celery.utils.functional", "message": "
def xstarmap(task, it):
    return 1
"}
{"time": "2026-02-15 23:03:40", "level": "DEBUG", "name": "celery.utils.functional", "message": "
def sync_options_task(is_auto=0, user_id=1, from_date=2, to_date=3):
    return 1
"}
{"time": "2026-02-15 23:03:40", "level": "DEBUG", "name": "celery.utils.functional", "message": "
def auto_sync_daily():
    return 1
"}
{"time": "2026-02-15 23:03:40", "level": "DEBUG", "name": "celery.utils.functional", "message": "
def chunks(task, it, n):
    return 1
"}
{"time": "2026-02-15 23:03:40", "level": "DEBUG", "name": "celery.utils.functional", "message": "
def execute_backtest_task(backtest_run_id, stock_ids, execution_mode=0):
    return 1
"}
{"time": "2026-02-15 23:03:40", "level": "DEBUG", "name": "celery.utils.functional", "message": "
def group(self, tasks, result, group_id, partial_args, add_to_parent=0):
    return 1
"}
{"time": "2026-02-15 23:03:40", "level": "DEBUG", "name": "celery.utils.functional", "message": "
def backend_cleanup():
    return 1
"}
{"time": "2026-02-15 23:03:40", "level": "DEBUG", "name": "celery.utils.functional", "message": "
def chain(*args, **kwargs):
    return 1
"}
{"time": "2026-02-15 23:03:40", "level": "DEBUG", "name": "celery.utils.functional", "message": "
def delete_old_notifications():
    return 1
"}
{"time": "2026-02-15 23:03:40", "level": "DEBUG", "name": "celery.utils.functional", "message": "
def accumulate(self, *args, **kwargs):
    return 1
"}
{"time": "2026-02-15 23:03:40", "level": "DEBUG", "name": "celery.utils.functional", "message": "
def sync_hard_task(sync_type, start_date, end_date, instruments=0, user_id=1):
    return 1
"}
{"time": "2026-02-15 23:03:40", "level": "DEBUG", "name": "celery.utils.functional", "message": "
def sync_stocks_task(is_auto=0, user_id=1, from_date=2, to_date=3, instruments=4, sync_indices=5):
    return 1
"}
{"time": "2026-02-15 23:03:40", "level": "DEBUG", "name": "celery.utils.functional", "message": "
def chord(self, header, body, partial_args=0, interval=1, countdown=2, max_retries=3, eager=4, **kwargs):
    return 1
"}
{"time": "2026-02-15 23:03:40", "level": "DEBUG", "name": "celery.utils.functional", "message": "
def unlock_chord(self, group_id, callback, interval=0, max_retries=1, result=2, Result=3, GroupResult=4, result_from_tuple=5, **kwargs):
    return 1
"}
{"time": "2026-02-15 23:03:40", "level": "DEBUG", "name": "celery.utils.functional", "message": "
def delete_old_notifications():
    return 1
"}
{"time": "2026-02-15 23:03:40", "level": "DEBUG", "name": "celery.utils.functional", "message": "
def sync_hard_task(sync_type, start_date, end_date, instruments=0, user_id=1):
    return 1
"}
{"time": "2026-02-15 23:03:40", "level": "DEBUG", "name": "celery.utils.functional", "message": "
def xmap(task, it):
    return 1
"}
{"time": "2026-02-15 23:03:40", "level": "DEBUG", "name": "celery.utils.functional", "message": "
def sync_stocks_task(is_auto=0, user_id=1, from_date=2, to_date=3, instruments=4, sync_indices=5):
    return 1
"}
{"time": "2026-02-15 23:03:40", "level": "DEBUG", "name": "celery.utils.functional", "message": "
def debug_task(self):
    return 1
"}
{"time": "2026-02-15 23:03:40", "level": "DEBUG", "name": "celery.utils.functional", "message": "
def xstarmap(task, it):
    return 1
"}
{"time": "2026-02-15 23:03:40", "level": "DEBUG", "name": "celery.utils.functional", "message": "
def chunks(task, it, n):
    return 1
"}
{"time": "2026-02-15 23:03:40", "level": "DEBUG", "name": "celery.utils.functional", "message": "
def group(self, tasks, result, group_id, partial_args, add_to_parent=0):
    return 1
"}
{"time": "2026-02-15 23:03:40", "level": "DEBUG", "name": "celery.utils.functional", "message": "
def sync_options_task(is_auto=0, user_id=1, from_date=2, to_date=3):
    return 1
"}
{"time": "2026-02-15 23:03:40", "level": "DEBUG", "name": "celery.utils.functional", "message": "
def backend_cleanup():
    return 1
"}
{"time": "2026-02-15 23:03:40", "level": "DEBUG", "name": "celery.utils.functional", "message": "
def auto_sync_daily():
    return 1
"}
{"time": "2026-02-15 23:03:40", "level": "DEBUG", "name": "celery.utils.functional", "message": "
def execute_backtest_task(backtest_run_id, stock_ids, execution_mode=0):
    return 1
"}
{"time": "2026-02-15 23:03:40", "level": "DEBUG", "name": "celery.utils.functional", "message": "
def chain(*args, **kwargs):
    return 1
"}
{"time": "2026-02-15 23:03:40", "level": "DEBUG", "name": "celery.utils.functional", "message": "
def accumulate(self, *args, **kwargs):
    return 1
"}
{"time": "2026-02-15 23:03:40", "level": "DEBUG", "name": "celery.utils.functional", "message": "
def chord(self, header, body, partial_args=0, interval=1, countdown=2, max_retries=3, eager=4, **kwargs):
    return 1
"}
{"time": "2026-02-15 23:06:07", "level": "DEBUG", "name": "celery.utils.functional", "message": "
def unlock_chord(self, group_id, callback, interval=0, max_retries=1, result=2, Result=3, GroupResult=4, result_from_tuple=5, **kwargs):
    return 1
"}
{"time": "2026-02-15 23:06:07", "level": "DEBUG", "name": "celery.utils.functional", "message": "
def xmap(task, it):
    return 1
"}
{"time": "2026-02-15 23:06:07", "level": "DEBUG", "name": "celery.utils.functional", "message": "
def debug_task(self):
    return 1
"}
{"time": "2026-02-15 23:06:07", "level": "DEBUG", "name": "celery.utils.functional", "message": "
def xstarmap(task, it):
    return 1
"}
{"time": "2026-02-15 23:06:07", "level": "DEBUG", "name": "celery.utils.functional", "message": "
def sync_options_task(is_auto=0, user_id=1, from_date=2, to_date=3):
    return 1
"}
{"time": "2026-02-15 23:06:07", "level": "DEBUG", "name": "celery.utils.functional", "message": "
def auto_sync_daily():
    return 1
"}
{"time": "2026-02-15 23:06:07", "level": "DEBUG", "name": "celery.utils.functional", "message": "
def chunks(task, it, n):
    return 1
"}
{"time": "2026-02-15 23:06:07", "level": "DEBUG", "name": "celery.utils.functional", "message": "
def execute_backtest_task(backtest_run_id, stock_ids, execution_mode=0):
    return 1
"}
{"time": "2026-02-15 23:06:07", "level": "DEBUG", "name": "celery.utils.functional", "message": "
def group(self, tasks, result, group_id, partial_args, add_to_parent=0):
    return 1
"}
{"time": "2026-02-15 23:06:07", "level": "DEBUG", "name": "celery.utils.functional", "message": "
def backend_cleanup():
    return 1
"}
{"time": "2026-02-15 23:06:07", "level": "DEBUG", "name": "celery.utils.functional", "message": "
def chain(*args, **kwargs):
    return 1
"}
{"time": "2026-02-15 23:06:07", "level": "DEBUG", "name": "celery.utils.functional", "message": "
def delete_old_notifications():
    return 1
"}
{"time": "2026-02-15 23:06:07", "level": "DEBUG", "name": "celery.utils.functional", "message": "
def accumulate(self, *args, **kwargs):
    return 1
"}
{"time": "2026-02-15 23:06:07", "level": "DEBUG", "name": "celery.utils.functional", "message": "
def sync_hard_task(sync_type, start_date, end_date, instruments=0, user_id=1):
    return 1
"}
{"time": "2026-02-15 23:06:07", "level": "DEBUG", "name": "celery.utils.functional", "message": "
def sync_stocks_task(is_auto=0, user_id=1, from_date=2, to_date=3, instruments=4, sync_indices=5):
    return 1
"}
{"time": "2026-02-15 23:06:07", "level": "DEBUG", "name": "celery.utils.functional", "message": "
def chord(self, header, body, partial_args=0, interval=1, countdown=2, max_retries=3, eager=4, **kwargs):
    return 1
"}
{"time": "2026-02-15 23:06:07", "level": "DEBUG", "name": "celery.utils.functional", "message": "
def unlock_chord(self, group_id, callback, interval=0, max_retries=1, result=2, Result=3, GroupResult=4, result_from_tuple=5, **kwargs):
    return 1
"}
{"time": "2026-02-15 23:06:07", "level": "DEBUG", "name": "celery.utils.functional", "message": "
def delete_old_notifications():
    return 1
"}
{"time": "2026-02-15 23:06:07", "level": "DEBUG", "name": "celery.utils.functional", "message": "
def sync_hard_task(sync_type, start_date, end_date, instruments=0, user_id=1):
    return 1
"}
{"time": "2026-02-15 23:06:07", "level": "DEBUG", "name": "celery.utils.functional", "message": "
def xmap(task, it):
    return 1
"}
{"time": "2026-02-15 23:06:07", "level": "DEBUG", "name": "celery.utils.functional", "message": "
def sync_stocks_task(is_auto=0, user_id=1, from_date=2, to_date=3, instruments=4, sync_indices=5):
    return 1
"}
{"time": "2026-02-15 23:06:07", "level": "DEBUG", "name": "celery.utils.functional", "message": "
def debug_task(self):
    return 1
"}
{"time": "2026-02-15 23:06:07", "level": "DEBUG", "name": "celery.utils.functional", "message": "
def xstarmap(task, it):
    return 1
"}
{"time": "2026-02-15 23:06:07", "level": "DEBUG", "name": "celery.utils.functional", "message": "
def chunks(task, it, n):
    return 1
"}
{"time": "2026-02-15 23:06:07", "level": "DEBUG", "name": "celery.utils.functional", "message": "
def group(self, tasks, result, group_id, partial_args, add_to_parent=0):
    return 1
"}
{"time": "2026-02-15 23:06:07", "level": "DEBUG", "name": "celery.utils.functional", "message": "
def sync_options_task(is_auto=0, user_id=1, from_date=2, to_date=3):
    return 1
"}
{"time": "2026-02-15 23:06:07", "level": "DEBUG", "name": "celery.utils.functional", "message": "
def backend_cleanup():
    return 1
"}
{"time": "2026-02-15 23:06:07", "level": "DEBUG", "name": "celery.utils.functional", "message": "
def auto_sync_daily():
    return 1
"}
{"time": "2026-02-15 23:06:07", "level": "DEBUG", "name": "celery.utils.functional", "message": "
def execute_backtest_task(backtest_run_id, stock_ids, execution_mode=0):
    return 1
"}
{"time": "2026-02-15 23:06:07", "level": "DEBUG", "name": "celery.utils.functional", "message": "
def chain(*args, **kwargs):
    return 1
"}
{"time": "2026-02-15 23:06:07", "level": "DEBUG", "name": "celery.utils.functional", "message": "
def accumulate(self, *args, **kwargs):
    return 1
"}
{"time": "2026-02-15 23:06:07", "level": "DEBUG", "name": "celery.utils.functional", "message": "
def chord(self, header, body, partial_args=0, interval=1, countdown=2, max_retries=3, eager=4, **kwargs):
    return 1
"}
{"time": "2026-02-15 23:13:27", "level": "DEBUG", "name": "celery.utils.functional", "message": "
def unlock_chord(self, group_id, callback, interval=0, max_retries=1, result=2, Result=3, GroupResult=4, result_from_tuple=5, **kwargs):
    return 1
"}
{"time": "2026-02-15 23:13:27", "level": "DEBUG", "name": "celery.utils.functional", "message": "
def delete_old_notifications():
    return 1
"}
{"time": "2026-02-15 23:13:27", "level": "DEBUG", "name": "celery.utils.functional", "message": "
def sync_hard_task(sync_type, start_date, end_date, instruments=0, user_id=1):
    return 1
"}
{"time": "2026-02-15 23:13:27", "level": "DEBUG", "name": "celery.utils.functional", "message": "
def xmap(task, it):
    return 1
"}
{"time": "2026-02-15 23:13:27", "level": "DEBUG", "name": "celery.utils.functional", "message": "
def sync_stocks_task(is_auto=0, user_id=1, from_date=2, to_date=3, instruments=4, sync_indices=5):
    return 1
"}
{"time": "2026-02-15 23:13:27", "level": "DEBUG", "name": "celery.utils.functional", "message": "
def debug_task(self):
    return 1
"}
{"time": "2026-02-15 23:13:27", "level": "DEBUG", "name": "celery.utils.functional", "message": "
def xstarmap(task, it):
    return 1
"}
{"time": "2026-02-15 23:13:27", "level": "DEBUG", "name": "celery.utils.functional", "message": "
def chunks(task, it, n):
    return 1
"}
{"time": "2026-02-15 23:13:27", "level": "DEBUG", "name": "celery.utils.functional", "message": "
def group(self, tasks, result, group_id, partial_args, add_to_parent=0):
    return 1
"}
{"time": "2026-02-15 23:13:27", "level": "DEBUG", "name": "celery.utils.functional", "message": "
def sync_options_task(is_auto=0, user_id=1, from_date=2, to_date=3):
    return 1
"}
{"time": "2026-02-15 23:13:27", "level": "DEBUG", "name": "celery.utils.functional", "message": "
def backend_cleanup():
    return 1
"}
{"time": "2026-02-15 23:13:27", "level": "DEBUG", "name": "celery.utils.functional", "message": "
def auto_sync_daily():
    return 1
"}
{"time": "2026-02-15 23:13:27", "level": "DEBUG", "name": "celery.utils.functional", "message": "
def execute_backtest_task(backtest_run_id, stock_ids, execution_mode=0):
    return 1
"}
{"time": "2026-02-15 23:13:27", "level": "DEBUG", "name": "celery.utils.functional", "message": "
def chain(*args, **kwargs):
    return 1
"}
{"time": "2026-02-15 23:13:27", "level": "DEBUG", "name": "celery.utils.functional", "message": "
def accumulate(self, *args, **kwargs):
    return 1
"}
{"time": "2026-02-15 23:13:27", "level": "DEBUG", "name": "celery.utils.functional", "message": "
def chord(self, header, body, partial_args=0, interval=1, countdown=2, max_retries=3, eager=4, **kwargs):
    return 1
"}
{"time": "2026-02-15 23:13:27", "level": "DEBUG", "name": "celery.utils.functional", "message": "
def unlock_chord(self, group_id, callback, interval=0, max_retries=1, result=2, Result=3, GroupResult=4, result_from_tuple=5, **kwargs):
    return 1
"}
{"time": "2026-02-15 23:13:27", "level": "DEBUG", "name": "celery.utils.functional", "message": "
def xmap(task, it):
    return 1
"}
{"time": "2026-02-15 23:13:27", "level": "DEBUG", "name": "celery.utils.functional", "message": "
def debug_task(self):
    return 1
"}
{"time": "2026-02-15 23:13:27", "level": "DEBUG", "name": "celery.utils.functional", "message": "
def xstarmap(task, it):
    return 1
"}
{"time": "2026-02-15 23:13:27", "level": "DEBUG", "name": "celery.utils.functional", "message": "
def sync_options_task(is_auto=0, user_id=1, from_date=2, to_date=3):
    return 1
"}
{"time": "2026-02-15 23:13:27", "level": "DEBUG", "name": "celery.utils.functional", "message": "
def auto_sync_daily():
    return 1
"}
{"time": "2026-02-15 23:13:27", "level": "DEBUG", "name": "celery.utils.functional", "message": "
def chunks(task, it, n):
    return 1
"}
{"time": "2026-02-15 23:13:27", "level": "DEBUG", "name": "celery.utils.functional", "message": "
def execute_backtest_task(backtest_run_id, stock_ids, execution_mode=0):
    return 1
"}
{"time": "2026-02-15 23:13:27", "level": "DEBUG", "name": "celery.utils.functional", "message": "
def group(self, tasks, result, group_id, partial_args, add_to_parent=0):
    return 1
"}
{"time": "2026-02-15 23:13:27", "level": "DEBUG", "name": "celery.utils.functional", "message": "
def backend_cleanup():
    return 1
"}
{"time": "2026-02-15 23:13:27", "level": "DEBUG", "name": "celery.utils.functional", "message": "
def chain(*args, **kwargs):
    return 1
"}
{"time": "2026-02-15 23:13:27", "level": "DEBUG", "name": "celery.utils.functional", "message": "
def delete_old_notifications():
    return 1
"}
{"time": "2026-02-15 23:13:27", "level": "DEBUG", "name": "celery.utils.functional", "message": "
def accumulate(self, *args, **kwargs):
    return 1
"}
{"time": "2026-02-15 23:13:27", "level": "DEBUG", "name": "celery.utils.functional", "message": "
def sync_hard_task(sync_type, start_date, end_date, instruments=0, user_id=1):
    return 1
"}
{"time": "2026-02-15 23:13:27", "level": "DEBUG", "name": "celery.utils.functional", "message": "
def sync_stocks_task(is_auto=0, user_id=1, from_date=2, to_date=3, instruments=4, sync_indices=5):
    return 1
"}
{"time": "2026-02-15 23:13:27", "level": "DEBUG", "name": "celery.utils.functional", "message": "
def chord(self, header, body, partial_args=0, interval=1, countdown=2, max_retries=3, eager=4, **kwargs):
    return 1
"}
{"time": "2026-02-15 23:15:42", "level": "DEBUG", "name": "celery.utils.functional", "message": "
def unlock_chord(self, group_id, callback, interval=0, max_retries=1, result=2, Result=3, GroupResult=4, result_from_tuple=5, **kwargs):
    return 1
"}
{"time": "2026-02-15 23:15:42", "level": "DEBUG", "name": "celery.utils.functional", "message": "
def xmap(task, it):
    return 1
"}
{"time": "2026-02-15 23:15:42", "level": "DEBUG", "name": "celery.utils.functional", "message": "
def debug_task(self):
    return 1
"}
{"time": "2026-02-15 23:15:42", "level": "DEBUG", "name": "celery.utils.functional", "message": "
def xstarmap(task, it):
    return 1
"}
{"time": "2026-02-15 23:15:42", "level": "DEBUG", "name": "celery.utils.functional", "message": "
def sync_options_task(is_auto=0, user_id=1, from_date=2, to_date=3):
    return 1
"}
{"time": "2026-02-15 23:15:42", "level": "DEBUG", "name": "celery.utils.functional", "message": "
def auto_sync_daily():
    return 1
"}
{"time": "2026-02-15 23:15:42", "level": "DEBUG", "name": "celery.utils.functional", "message": "
def chunks(task, it, n):
    return 1
"}
{"time": "2026-02-15 23:15:42", "level": "DEBUG", "name": "celery.utils.functional", "message": "
def execute_backtest_task(backtest_run_id, stock_ids, execution_mode=0):
    return 1
"}
{"time": "2026-02-15 23:15:42", "level": "DEBUG", "name": "celery.utils.functional", "message": "
def group(self, tasks, result, group_id, partial_args, add_to_parent=0):
    return 1
"}
{"time": "2026-02-15 23:15:42", "level": "DEBUG", "name": "celery.utils.functional", "message": "
def backend_cleanup():
    return 1
"}
{"time": "2026-02-15 23:15:42", "level": "DEBUG", "name": "celery.utils.functional", "message": "
def chain(*args, **kwargs):
    return 1
"}
{"time": "2026-02-15 23:15:42", "level": "DEBUG", "name": "celery.utils.functional", "message": "
def delete_old_notifications():
    return 1
"}
{"time": "2026-02-15 23:15:42", "level": "DEBUG", "name": "celery.utils.functional", "message": "
def accumulate(self, *args, **kwargs):
    return 1
"}
{"time": "2026-02-15 23:15:42", "level": "DEBUG", "name": "celery.utils.functional", "message": "
def sync_hard_task(sync_type, start_date, end_date, instruments=0, user_id=1):
    return 1
"}
{"time": "2026-02-15 23:15:42", "level": "DEBUG", "name": "celery.utils.functional", "message": "
def sync_stocks_task(is_auto=0, user_id=1, from_date=2, to_date=3, instruments=4, sync_indices=5):
    return 1
"}
{"time": "2026-02-15 23:15:42", "level": "DEBUG", "name": "celery.utils.functional", "message": "
def chord(self, header, body, partial_args=0, interval=1, countdown=2, max_retries=3, eager=4, **kwargs):
    return 1
"}
{"time": "2026-02-15 23:15:42", "level": "DEBUG", "name": "celery.utils.functional", "message": "
def unlock_chord(self, group_id, callback, interval=0, max_retries=1, result=2, Result=3, GroupResult=4, result_from_tuple=5, **kwargs):
    return 1
"}
{"time": "2026-02-15 23:15:42", "level": "DEBUG", "name": "celery.utils.functional", "message": "
def delete_old_notifications():
    return 1
"}
{"time": "2026-02-15 23:15:42", "level": "DEBUG", "name": "celery.utils.functional", "message": "
def sync_hard_task(sync_type, start_date, end_date, instruments=0, user_id=1):
    return 1
"}
{"time": "2026-02-15 23:15:42", "level": "DEBUG", "name": "celery.utils.functional", "message": "
def xmap(task, it):
    return 1
"}
{"time": "2026-02-15 23:15:42", "level": "DEBUG", "name": "celery.utils.functional", "message": "
def sync_stocks_task(is_auto=0, user_id=1, from_date=2, to_date=3, instruments=4, sync_indices=5):
    return 1
"}
{"time": "2026-02-15 23:15:42", "level": "DEBUG", "name": "celery.utils.functional", "message": "
def debug_task(self):
    return 1
"}
{"time": "2026-02-15 23:15:42", "level": "DEBUG", "name": "celery.utils.functional", "message": "
def xstarmap(task, it):
    return 1
"}
{"time": "2026-02-15 23:15:42", "level": "DEBUG", "name": "celery.utils.functional", "message": "
def chunks(task, it, n):
    return 1
"}
{"time": "2026-02-15 23:15:42", "level": "DEBUG", "name": "celery.utils.functional", "message": "
def group(self, tasks, result, group_id, partial_args, add_to_parent=0):
    return 1
"}
{"time": "2026-02-15 23:15:42", "level": "DEBUG", "name": "celery.utils.functional", "message": "
def sync_options_task(is_auto=0, user_id=1, from_date=2, to_date=3):
    return 1
"}
{"time": "2026-02-15 23:15:42", "level": "DEBUG", "name": "celery.utils.functional", "message": "
def backend_cleanup():
    return 1
"}
{"time": "2026-02-15 23:15:42", "level": "DEBUG", "name": "celery.utils.functional", "message": "
def auto_sync_daily():
    return 1
"}
{"time": "2026-02-15 23:15:42", "level": "DEBUG", "name": "celery.utils.functional", "message": "
def execute_backtest_task(backtest_run_id, stock_ids, execution_mode=0):
    return 1
"}
{"time": "2026-02-15 23:15:42", "level": "DEBUG", "name": "celery.utils.functional", "message": "
def chain(*args, **kwargs):
    return 1
"}
{"time": "2026-02-15 23:15:42", "level": "DEBUG", "name": "celery.utils.functional", "message": "
def accumulate(self, *args, **kwargs):
    return 1
"}
{"time": "2026-02-15 23:15:42", "level": "DEBUG", "name": "celery.utils.functional", "message": "
def chord(self, header, body, partial_args=0, interval=1, countdown=2, max_retries=3, eager=4, **kwargs):
    return 1
"}
{"time": "2026-02-15 23:19:20", "level": "DEBUG", "name": "celery.utils.functional", "message": "
def unlock_chord(self, group_id, callback, interval=0, max_retries=1, result=2, Result=3, GroupResult=4, result_from_tuple=5, **kwargs):
    return 1
"}
{"time": "2026-02-15 23:19:20", "level": "DEBUG", "name": "celery.utils.functional", "message": "
def xmap(task, it):
    return 1
"}
{"time": "2026-02-15 23:19:20", "level": "DEBUG", "name": "celery.utils.functional", "message": "
def debug_task(self):
    return 1
"}
{"time": "2026-02-15 23:19:20", "level": "DEBUG", "name": "celery.utils.functional", "message": "
def xstarmap(task, it):
    return 1
"}
{"time": "2026-02-15 23:19:20", "level": "DEBUG", "name": "celery.utils.functional", "message": "
def sync_options_task(is_auto=0, user_id=1, from_date=2, to_date=3):
    return 1
"}
{"time": "2026-02-15 23:19:20", "level": "DEBUG", "name": "celery.utils.functional", "message": "
def auto_sync_daily():
    return 1
"}
{"time": "2026-02-15 23:19:20", "level": "DEBUG", "name": "celery.utils.functional", "message": "
def chunks(task, it, n):
    return 1
"}
{"time": "2026-02-15 23:19:20", "level": "DEBUG", "name": "celery.utils.functional", "message": "
def execute_backtest_task(backtest_run_id, stock_ids, execution_mode=0):
    return 1
"}
{"time": "2026-02-15 23:19:20", "level": "DEBUG", "name": "celery.utils.functional", "message": "
def group(self, tasks, result, group_id, partial_args, add_to_parent=0):
    return 1
"}
{"time": "2026-02-15 23:19:20", "level": "DEBUG", "name": "celery.utils.functional", "message": "
def backend_cleanup():
    return 1
"}
{"time": "2026-02-15 23:19:20", "level": "DEBUG", "name": "celery.utils.functional", "message": "
def chain(*args, **kwargs):
    return 1
"}
{"time": "2026-02-15 23:19:20", "level": "DEBUG", "name": "celery.utils.functional", "message": "
def delete_old_notifications():
    return 1
"}
{"time": "2026-02-15 23:19:20", "level": "DEBUG", "name": "celery.utils.functional", "message": "
def accumulate(self, *args, **kwargs):
    return 1
"}
{"time": "2026-02-15 23:19:20", "level": "DEBUG", "name": "celery.utils.functional", "message": "
def sync_hard_task(sync_type, start_date, end_date, instruments=0, user_id=1):
    return 1
"}
{"time": "2026-02-15 23:19:20", "level": "DEBUG", "name": "celery.utils.functional", "message": "
def sync_stocks_task(is_auto=0, user_id=1, from_date=2, to_date=3, instruments=4, sync_indices=5):
    return 1
"}
{"time": "2026-02-15 23:19:20", "level": "DEBUG", "name": "celery.utils.functional", "message": "
def chord(self, header, body, partial_args=0, interval=1, countdown=2, max_retries=3, eager=4, **kwargs):
    return 1
"}
{"time": "2026-02-15 23:19:20", "level": "DEBUG", "name": "celery.utils.functional", "message": "
def unlock_chord(self, group_id, callback, interval=0, max_retries=1, result=2, Result=3, GroupResult=4, result_from_tuple=5, **kwargs):
    return 1
"}
{"time": "2026-02-15 23:19:20", "level": "DEBUG", "name": "celery.utils.functional", "message": "
def delete_old_notifications():
    return 1
"}
{"time": "2026-02-15 23:19:20", "level": "DEBUG", "name": "celery.utils.functional", "message": "
def sync_hard_task(sync_type, start_date, end_date, instruments=0, user_id=1):
    return 1
"}
{"time": "2026-02-15 23:19:20", "level": "DEBUG", "name": "celery.utils.functional", "message": "
def xmap(task, it):
    return 1
"}
{"time": "2026-02-15 23:19:20", "level": "DEBUG", "name": "celery.utils.functional", "message": "
def sync_stocks_task(is_auto=0, user_id=1, from_date=2, to_date=3, instruments=4, sync_indices=5):
    return 1
"}
{"time": "2026-02-15 23:19:20", "level": "DEBUG", "name": "celery.utils.functional", "message": "
def debug_task(self):
    return 1
"}
{"time": "2026-02-15 23:19:20", "level": "DEBUG", "name": "celery.utils.functional", "message": "
def xstarmap(task, it):
    return 1
"}
{"time": "2026-02-15 23:19:20", "level": "DEBUG", "name": "celery.utils.functional", "message": "
def chunks(task, it, n):
    return 1
"}
{"time": "2026-02-15 23:19:20", "level": "DEBUG", "name": "celery.utils.functional", "message": "
def group(self, tasks, result, group_id, partial_args, add_to_parent=0):
    return 1
"}
{"time": "2026-02-15 23:19:20", "level": "DEBUG", "name": "celery.utils.functional", "message": "
def sync_options_task(is_auto=0, user_id=1, from_date=2, to_date=3):
    return 1
"}
{"time": "2026-02-15 23:19:20", "level": "DEBUG", "name": "celery.utils.functional", "message": "
def backend_cleanup():
    return 1
"}
{"time": "2026-02-15 23:19:20", "level": "DEBUG", "name": "celery.utils.functional", "message": "
def auto_sync_daily():
    return 1
"}
{"time": "2026-02-15 23:19:20", "level": "DEBUG", "name": "celery.utils.functional", "message": "
def execute_backtest_task(backtest_run_id, stock_ids, execution_mode=0):
    return 1
"}
{"time": "2026-02-15 23:19:20", "level": "DEBUG", "name": "celery.utils.functional", "message": "
def chain(*args, **kwargs):
    return 1
"}
{"time": "2026-02-15 23:19:20", "level": "DEBUG", "name": "celery.utils.functional", "message": "
def accumulate(self, *args, **kwargs):
    return 1
"}
{"time": "2026-02-15 23:19:20", "level": "DEBUG", "name": "celery.utils.functional", "message": "
def chord(self, header, body, partial_args=0, interval=1, countdown=2, max_retries=3, eager=4, **kwargs):
    return 1
"}
{"time": "2026-02-15 23:20:51", "level": "DEBUG", "name": "celery.utils.functional", "message": "
def unlock_chord(self, group_id, callback, interval=0, max_retries=1, result=2, Result=3, GroupResult=4, result_from_tuple=5, **kwargs):
    return 1
"}
{"time": "2026-02-15 23:20:51", "level": "DEBUG", "name": "celery.utils.functional", "message": "
def xmap(task, it):
    return 1
"}
{"time": "2026-02-15 23:20:51", "level": "DEBUG", "name": "celery.utils.functional", "message": "
def debug_task(self):
    return 1
"}
{"time": "2026-02-15 23:20:51", "level": "DEBUG", "name": "celery.utils.functional", "message": "
def xstarmap(task, it):
    return 1
"}
{"time": "2026-02-15 23:20:51", "level": "DEBUG", "name": "celery.utils.functional", "message": "
def sync_options_task(is_auto=0, user_id=1, from_date=2, to_date=3):
    return 1
"}
{"time": "2026-02-15 23:20:51", "level": "DEBUG", "name": "celery.utils.functional", "message": "
def auto_sync_daily():
    return 1
"}
{"time": "2026-02-15 23:20:51", "level": "DEBUG", "name": "celery.utils.functional", "message": "
def chunks(task, it, n):
    return 1
"}
{"time": "2026-02-15 23:20:51", "level": "DEBUG", "name": "celery.utils.functional", "message": "
def execute_backtest_task(backtest_run_id, stock_ids, execution_mode=0):
    return 1
"}
{"time": "2026-02-15 23:20:51", "level": "DEBUG", "name": "celery.utils.functional", "message": "
def group(self, tasks, result, group_id, partial_args, add_to_parent=0):
    return 1
"}
{"time": "2026-02-15 23:20:51", "level": "DEBUG", "name": "celery.utils.functional", "message": "
def backend_cleanup():
    return 1
"}
{"time": "2026-02-15 23:20:51", "level": "DEBUG", "name": "celery.utils.functional", "message": "
def chain(*args, **kwargs):
    return 1
"}
{"time": "2026-02-15 23:20:51", "level": "DEBUG", "name": "celery.utils.functional", "message": "
def delete_old_notifications():
    return 1
"}
{"time": "2026-02-15 23:20:51", "level": "DEBUG", "name": "celery.utils.functional", "message": "
def accumulate(self, *args, **kwargs):
    return 1
"}
{"time": "2026-02-15 23:20:51", "level": "DEBUG", "name": "celery.utils.functional", "message": "
def sync_hard_task(sync_type, start_date, end_date, instruments=0, user_id=1):
    return 1
"}
{"time": "2026-02-15 23:20:51", "level": "DEBUG", "name": "celery.utils.functional", "message": "
def sync_stocks_task(is_auto=0, user_id=1, from_date=2, to_date=3, instruments=4, sync_indices=5):
    return 1
"}
{"time": "2026-02-15 23:20:51", "level": "DEBUG", "name": "celery.utils.functional", "message": "
def chord(self, header, body, partial_args=0, interval=1, countdown=2, max_retries=3, eager=4, **kwargs):
    return 1
"}
{"time": "2026-02-15 23:20:51", "level": "DEBUG", "name": "celery.utils.functional", "message": "
def unlock_chord(self, group_id, callback, interval=0, max_retries=1, result=2, Result=3, GroupResult=4, result_from_tuple=5, **kwargs):
    return 1
"}
{"time": "2026-02-15 23:20:51", "level": "DEBUG", "name": "celery.utils.functional", "message": "
def delete_old_notifications():
    return 1
"}
{"time": "2026-02-15 23:20:51", "level": "DEBUG", "name": "celery.utils.functional", "message": "
def sync_hard_task(sync_type, start_date, end_date, instruments=0, user_id=1):
    return 1
"}
{"time": "2026-02-15 23:20:51", "level": "DEBUG", "name": "celery.utils.functional", "message": "
def xmap(task, it):
    return 1
"}
{"time": "2026-02-15 23:20:51", "level": "DEBUG", "name": "celery.utils.functional", "message": "
def sync_stocks_task(is_auto=0, user_id=1, from_date=2, to_date=3, instruments=4, sync_indices=5):
    return 1
"}
{"time": "2026-02-15 23:20:51", "level": "DEBUG", "name": "celery.utils.functional", "message": "
def debug_task(self):
    return 1
"}
{"time": "2026-02-15 23:20:51", "level": "DEBUG", "name": "celery.utils.functional", "message": "
def xstarmap(task, it):
    return 1
"}
{"time": "2026-02-15 23:20:51", "level": "DEBUG", "name": "celery.utils.functional", "message": "
def chunks(task, it, n):
    return 1
"}
{"time": "2026-02-15 23:20:51", "level": "DEBUG", "name": "celery.utils.functional", "message": "
def group(self, tasks, result, group_id, partial_args, add_to_parent=0):
    return 1
"}
{"time": "2026-02-15 23:20:51", "level": "DEBUG", "name": "celery.utils.functional", "message": "
def sync_options_task(is_auto=0, user_id=1, from_date=2, to_date=3):
    return 1
"}
{"time": "2026-02-15 23:20:51", "level": "DEBUG", "name": "celery.utils.functional", "message": "
def backend_cleanup():
    return 1
"}
{"time": "2026-02-15 23:20:51", "level": "DEBUG", "name": "celery.utils.functional", "message": "
def auto_sync_daily():
    return 1
"}
{"time": "2026-02-15 23:20:51", "level": "DEBUG", "name": "celery.utils.functional", "message": "
def execute_backtest_task(backtest_run_id, stock_ids, execution_mode=0):
    return 1
"}
{"time": "2026-02-15 23:20:51", "level": "DEBUG", "name": "celery.utils.functional", "message": "
def chain(*args, **kwargs):
    return 1
"}
{"time": "2026-02-15 23:20:51", "level": "DEBUG", "name": "celery.utils.functional", "message": "
def accumulate(self, *args, **kwargs):
    return 1
"}
{"time": "2026-02-15 23:20:51", "level": "DEBUG", "name": "celery.utils.functional", "message": "
def chord(self, header, body, partial_args=0, interval=1, countdown=2, max_retries=3, eager=4, **kwargs):
    return 1
"}
{"time": "2026-02-15 23:27:55", "level": "DEBUG", "name": "celery.utils.functional", "message": "
def unlock_chord(self, group_id, callback, interval=0, max_retries=1, result=2, Result=3, GroupResult=4, result_from_tuple=5, **kwargs):
    return 1
"}
{"time": "2026-02-15 23:27:55", "level": "DEBUG", "name": "celery.utils.functional", "message": "
def xmap(task, it):
    return 1
"}
{"time": "2026-02-15 23:27:55", "level": "DEBUG", "name": "celery.utils.functional", "message": "
def debug_task(self):
    return 1
"}
{"time": "2026-02-15 23:27:55", "level": "DEBUG", "name": "celery.utils.functional", "message": "
def xstarmap(task, it):
    return 1
"}
{"time": "2026-02-15 23:27:55", "level": "DEBUG", "name": "celery.utils.functional", "message": "
def sync_options_task(is_auto=0, user_id=1, from_date=2, to_date=3):
    return 1
"}
{"time": "2026-02-15 23:27:55", "level": "DEBUG", "name": "celery.utils.functional", "message": "
def auto_sync_daily():
    return 1
"}
{"time": "2026-02-15 23:27:55", "level": "DEBUG", "name": "celery.utils.functional", "message": "
def chunks(task, it, n):
    return 1
"}
{"time": "2026-02-15 23:27:55", "level": "DEBUG", "name": "celery.utils.functional", "message": "
def execute_backtest_task(backtest_run_id, stock_ids, execution_mode=0):
    return 1
"}
{"time": "2026-02-15 23:27:55", "level": "DEBUG", "name": "celery.utils.functional", "message": "
def group(self, tasks, result, group_id, partial_args, add_to_parent=0):
    return 1
"}
{"time": "2026-02-15 23:27:55", "level": "DEBUG", "name": "celery.utils.functional", "message": "
def backend_cleanup():
    return 1
"}
{"time": "2026-02-15 23:27:55", "level": "DEBUG", "name": "celery.utils.functional", "message": "
def chain(*args, **kwargs):
    return 1
"}
{"time": "2026-02-15 23:27:55", "level": "DEBUG", "name": "celery.utils.functional", "message": "
def delete_old_notifications():
    return 1
"}
{"time": "2026-02-15 23:27:55", "level": "DEBUG", "name": "celery.utils.functional", "message": "
def accumulate(self, *args, **kwargs):
    return 1
"}
{"time": "2026-02-15 23:27:55", "level": "DEBUG", "name": "celery.utils.functional", "message": "
def sync_hard_task(sync_type, start_date, end_date, instruments=0, user_id=1):
    return 1
"}
{"time": "2026-02-15 23:27:55", "level": "DEBUG", "name": "celery.utils.functional", "message": "
def sync_stocks_task(is_auto=0, user_id=1, from_date=2, to_date=3, instruments=4, sync_indices=5):
    return 1
"}
{"time": "2026-02-15 23:27:55", "level": "DEBUG", "name": "celery.utils.functional", "message": "
def chord(self, header, body, partial_args=0, interval=1, countdown=2, max_retries=3, eager=4, **kwargs):
    return 1
"}
{"time": "2026-02-15 23:27:55", "level": "DEBUG", "name": "celery.utils.functional", "message": "
def unlock_chord(self, group_id, callback, interval=0, max_retries=1, result=2, Result=3, GroupResult=4, result_from_tuple=5, **kwargs):
    return 1
"}
{"time": "2026-02-15 23:27:55", "level": "DEBUG", "name": "celery.utils.functional", "message": "
def delete_old_notifications():
    return 1
"}
{"time": "2026-02-15 23:27:55", "level": "DEBUG", "name": "celery.utils.functional", "message": "
def sync_hard_task(sync_type, start_date, end_date, instruments=0, user_id=1):
    return 1
"}
{"time": "2026-02-15 23:27:55", "level": "DEBUG", "name": "celery.utils.functional", "message": "
def xmap(task, it):
    return 1
"}
{"time": "2026-02-15 23:27:55", "level": "DEBUG", "name": "celery.utils.functional", "message": "
def sync_stocks_task(is_auto=0, user_id=1, from_date=2, to_date=3, instruments=4, sync_indices=5):
    return 1
"}
{"time": "2026-02-15 23:27:55", "level": "DEBUG", "name": "celery.utils.functional", "message": "
def debug_task(self):
    return 1
"}
{"time": "2026-02-15 23:27:55", "level": "DEBUG", "name": "celery.utils.functional", "message": "
def xstarmap(task, it):
    return 1
"}
{"time": "2026-02-15 23:27:55", "level": "DEBUG", "name": "celery.utils.functional", "message": "
def chunks(task, it, n):
    return 1
"}
{"time": "2026-02-15 23:27:55", "level": "DEBUG", "name": "celery.utils.functional", "message": "
def group(self, tasks, result, group_id, partial_args, add_to_parent=0):
    return 1
"}
{"time": "2026-02-15 23:27:55", "level": "DEBUG", "name": "celery.utils.functional", "message": "
def sync_options_task(is_auto=0, user_id=1, from_date=2, to_date=3):
    return 1
"}
{"time": "2026-02-15 23:27:55", "level": "DEBUG", "name": "celery.utils.functional", "message": "
def backend_cleanup():
    return 1
"}
{"time": "2026-02-15 23:27:55", "level": "DEBUG", "name": "celery.utils.functional", "message": "
def auto_sync_daily():
    return 1
"}
{"time": "2026-02-15 23:27:55", "level": "DEBUG", "name": "celery.utils.functional", "message": "
def execute_backtest_task(backtest_run_id, stock_ids, execution_mode=0):
    return 1
"}
{"time": "2026-02-15 23:27:55", "level": "DEBUG", "name": "celery.utils.functional", "message": "
def chain(*args, **kwargs):
    return 1
"}
{"time": "2026-02-15 23:27:55", "level": "DEBUG", "name": "celery.utils.functional", "message": "
def accumulate(self, *args, **kwargs):
    return 1
"}
{"time": "2026-02-15 23:27:55", "level": "DEBUG", "name": "celery.utils.functional", "message": "
def chord(self, header, body, partial_args=0, interval=1, countdown=2, max_retries=3, eager=4, **kwargs):
    return 1
"}
{"time": "2026-02-15 23:31:19", "level": "DEBUG", "name": "celery.utils.functional", "message": "
def unlock_chord(self, group_id, callback, interval=0, max_retries=1, result=2, Result=3, GroupResult=4, result_from_tuple=5, **kwargs):
    return 1
"}
{"time": "2026-02-15 23:31:19", "level": "DEBUG", "name": "celery.utils.functional", "message": "
def delete_old_notifications():
    return 1
"}
{"time": "2026-02-15 23:31:19", "level": "DEBUG", "name": "celery.utils.functional", "message": "
def sync_hard_task(sync_type, start_date, end_date, instruments=0, user_id=1):
    return 1
"}
{"time": "2026-02-15 23:31:19", "level": "DEBUG", "name": "celery.utils.functional", "message": "
def xmap(task, it):
    return 1
"}
{"time": "2026-02-15 23:31:19", "level": "DEBUG", "name": "celery.utils.functional", "message": "
def sync_stocks_task(is_auto=0, user_id=1, from_date=2, to_date=3, instruments=4, sync_indices=5):
    return 1
"}
{"time": "2026-02-15 23:31:19", "level": "DEBUG", "name": "celery.utils.functional", "message": "
def debug_task(self):
    return 1
"}
{"time": "2026-02-15 23:31:19", "level": "DEBUG", "name": "celery.utils.functional", "message": "
def xstarmap(task, it):
    return 1
"}
{"time": "2026-02-15 23:31:19", "level": "DEBUG", "name": "celery.utils.functional", "message": "
def chunks(task, it, n):
    return 1
"}
{"time": "2026-02-15 23:31:19", "level": "DEBUG", "name": "celery.utils.functional", "message": "
def group(self, tasks, result, group_id, partial_args, add_to_parent=0):
    return 1
"}
{"time": "2026-02-15 23:31:19", "level": "DEBUG", "name": "celery.utils.functional", "message": "
def sync_options_task(is_auto=0, user_id=1, from_date=2, to_date=3):
    return 1
"}
{"time": "2026-02-15 23:31:19", "level": "DEBUG", "name": "celery.utils.functional", "message": "
def backend_cleanup():
    return 1
"}
{"time": "2026-02-15 23:31:19", "level": "DEBUG", "name": "celery.utils.functional", "message": "
def auto_sync_daily():
    return 1
"}
{"time": "2026-02-15 23:31:19", "level": "DEBUG", "name": "celery.utils.functional", "message": "
def execute_backtest_task(backtest_run_id, stock_ids, execution_mode=0):
    return 1
"}
{"time": "2026-02-15 23:31:19", "level": "DEBUG", "name": "celery.utils.functional", "message": "
def chain(*args, **kwargs):
    return 1
"}
{"time": "2026-02-15 23:31:19", "level": "DEBUG", "name": "celery.utils.functional", "message": "
def accumulate(self, *args, **kwargs):
    return 1
"}
{"time": "2026-02-15 23:31:19", "level": "DEBUG", "name": "celery.utils.functional", "message": "
def chord(self, header, body, partial_args=0, interval=1, countdown=2, max_retries=3, eager=4, **kwargs):
    return 1
"}
{"time": "2026-02-15 23:31:19", "level": "DEBUG", "name": "celery.utils.functional", "message": "
def unlock_chord(self, group_id, callback, interval=0, max_retries=1, result=2, Result=3, GroupResult=4, result_from_tuple=5, **kwargs):
    return 1
"}
{"time": "2026-02-15 23:31:19", "level": "DEBUG", "name": "celery.utils.functional", "message": "
def xmap(task, it):
    return 1
"}
{"time": "2026-02-15 23:31:19", "level": "DEBUG", "name": "celery.utils.functional", "message": "
def debug_task(self):
    return 1
"}
{"time": "2026-02-15 23:31:19", "level": "DEBUG", "name": "celery.utils.functional", "message": "
def xstarmap(task, it):
    return 1
"}
{"time": "2026-02-15 23:31:19", "level": "DEBUG", "name": "celery.utils.functional", "message": "
def sync_options_task(is_auto=0, user_id=1, from_date=2, to_date=3):
    return 1
"}
{"time": "2026-02-15 23:31:19", "level": "DEBUG", "name": "celery.utils.functional", "message": "
def auto_sync_daily():
    return 1
"}
{"time": "2026-02-15 23:31:19", "level": "DEBUG", "name": "celery.utils.functional", "message": "
def chunks(task, it, n):
    return 1
"}
{"time": "2026-02-15 23:31:19", "level": "DEBUG", "name": "celery.utils.functional", "message": "
def execute_backtest_task(backtest_run_id, stock_ids, execution_mode=0):
    return 1
"}
{"time": "2026-02-15 23:31:19", "level": "DEBUG", "name": "celery.utils.functional", "message": "
def group(self, tasks, result, group_id, partial_args, add_to_parent=0):
    return 1
"}
{"time": "2026-02-15 23:31:19", "level": "DEBUG", "name": "celery.utils.functional", "message": "
def backend_cleanup():
    return 1
"}
{"time": "2026-02-15 23:31:19", "level": "DEBUG", "name": "celery.utils.functional", "message": "
def chain(*args, **kwargs):
    return 1
"}
{"time": "2026-02-15 23:31:19", "level": "DEBUG", "name": "celery.utils.functional", "message": "
def delete_old_notifications():
    return 1
"}
{"time": "2026-02-15 23:31:19", "level": "DEBUG", "name": "celery.utils.functional", "message": "
def accumulate(self, *args, **kwargs):
    return 1
"}
{"time": "2026-02-15 23:31:19", "level": "DEBUG", "name": "celery.utils.functional", "message": "
def sync_hard_task(sync_type, start_date, end_date, instruments=0, user_id=1):
    return 1
"}
{"time": "2026-02-15 23:31:19", "level": "DEBUG", "name": "celery.utils.functional", "message": "
def sync_stocks_task(is_auto=0, user_id=1, from_date=2, to_date=3, instruments=4, sync_indices=5):
    return 1
"}
{"time": "2026-02-15 23:31:19", "level": "DEBUG", "name": "celery.utils.functional", "message": "
def chord(self, header, body, partial_args=0, interval=1, countdown=2, max_retries=3, eager=4, **kwargs):
    return 1
"}
{"time": "2026-02-16 08:55:59", "level": "DEBUG", "name": "celery.utils.functional", "message": "
def accumulate(self, *args, **kwargs):
    return 1
"}
{"time": "2026-02-16 08:55:59", "level": "DEBUG", "name": "celery.utils.functional", "message": "
def chord(self, header, body, partial_args=0, interval=1, countdown=2, max_retries=3, eager=4, **kwargs):
    return 1
"}
{"time": "2026-02-16 08:55:59", "level": "DEBUG", "name": "celery.utils.functional", "message": "
def unlock_chord(self, group_id, callback, interval=0, max_retries=1, result=2, Result=3, GroupResult=4, result_from_tuple=5, **kwargs):
    return 1
"}
{"time": "2026-02-16 08:55:59", "level": "DEBUG", "name": "celery.utils.functional", "message": "
def sync_options_task(is_auto=0, user_id=1, from_date=2, to_date=3):
    return 1
"}
{"time": "2026-02-16 08:55:59", "level": "DEBUG", "name": "celery.utils.functional", "message": "
def auto_sync_daily():
    return 1
"}
{"time": "2026-02-16 08:55:59", "level": "DEBUG", "name": "celery.utils.functional", "message": "
def xmap(task, it):
    return 1
"}
{"time": "2026-02-16 08:55:59", "level": "DEBUG", "name": "celery.utils.functional", "message": "
def execute_backtest_task(backtest_run_id, stock_ids, execution_mode=0):
    return 1
"}
{"time": "2026-02-16 08:55:59", "level": "DEBUG", "name": "celery.utils.functional", "message": "
def debug_task(self):
    return 1
"}
{"time": "2026-02-16 08:55:59", "level": "DEBUG", "name": "celery.utils.functional", "message": "
def xstarmap(task, it):
    return 1
"}
{"time": "2026-02-16 08:55:59", "level": "DEBUG", "name": "celery.utils.functional", "message": "
def chunks(task, it, n):
    return 1
"}
{"time": "2026-02-16 08:55:59", "level": "DEBUG", "name": "celery.utils.functional", "message": "
def delete_old_notifications():
    return 1
"}
{"time": "2026-02-16 08:55:59", "level": "DEBUG", "name": "celery.utils.functional", "message": "
def sync_hard_task(sync_type, start_date, end_date, instruments=0, user_id=1):
    return 1
"}
{"time": "2026-02-16 08:55:59", "level": "DEBUG", "name": "celery.utils.functional", "message": "
def sync_stocks_task(is_auto=0, user_id=1, from_date=2, to_date=3, instruments=4, sync_indices=5):
    return 1
"}
{"time": "2026-02-16 08:55:59", "level": "DEBUG", "name": "celery.utils.functional", "message": "
def group(self, tasks, result, group_id, partial_args, add_to_parent=0):
    return 1
"}
{"time": "2026-02-16 08:55:59", "level": "DEBUG", "name": "celery.utils.functional", "message": "
def backend_cleanup():
    return 1
"}
{"time": "2026-02-16 08:55:59", "level": "DEBUG", "name": "celery.utils.functional", "message": "
def chain(*args, **kwargs):
    return 1
"}
{"time": "2026-02-16 08:55:59", "level": "DEBUG", "name": "celery.utils.functional", "message": "
def accumulate(self, *args, **kwargs):
    return 1
"}
{"time": "2026-02-16 08:55:59", "level": "DEBUG", "name": "celery.utils.functional", "message": "
def chord(self, header, body, partial_args=0, interval=1, countdown=2, max_retries=3, eager=4, **kwargs):
    return 1
"}
{"time": "2026-02-16 08:55:59", "level": "DEBUG", "name": "celery.utils.functional", "message": "
def unlock_chord(self, group_id, callback, interval=0, max_retries=1, result=2, Result=3, GroupResult=4, result_from_tuple=5, **kwargs):
    return 1
"}
{"time": "2026-02-16 08:55:59", "level": "DEBUG", "name": "celery.utils.functional", "message": "
def delete_old_notifications():
    return 1
"}
{"time": "2026-02-16 08:55:59", "level": "DEBUG", "name": "celery.utils.functional", "message": "
def sync_hard_task(sync_type, start_date, end_date, instruments=0, user_id=1):
    return 1
"}
{"time": "2026-02-16 08:55:59", "level": "DEBUG", "name": "celery.utils.functional", "message": "
def xmap(task, it):
    return 1
"}
{"time": "2026-02-16 08:55:59", "level": "DEBUG", "name": "celery.utils.functional", "message": "
def sync_stocks_task(is_auto=0, user_id=1, from_date=2, to_date=3, instruments=4, sync_indices=5):
    return 1
"}
{"time": "2026-02-16 08:55:59", "level": "DEBUG", "name": "celery.utils.functional", "message": "
def debug_task(self):
    return 1
"}
{"time": "2026-02-16 08:55:59", "level": "DEBUG", "name": "celery.utils.functional", "message": "
def xstarmap(task, it):
    return 1
"}
{"time": "2026-02-16 08:55:59", "level": "DEBUG", "name": "celery.utils.functional", "message": "
def chunks(task, it, n):
    return 1
"}
{"time": "2026-02-16 08:55:59", "level": "DEBUG", "name": "celery.utils.functional", "message": "
def group(self, tasks, result, group_id, partial_args, add_to_parent=0):
    return 1
"}
{"time": "2026-02-16 08:55:59", "level": "DEBUG", "name": "celery.utils.functional", "message": "
def sync_options_task(is_auto=0, user_id=1, from_date=2, to_date=3):
    return 1
"}
{"time": "2026-02-16 08:55:59", "level": "DEBUG", "name": "celery.utils.functional", "message": "
def backend_cleanup():
    return 1
"}
{"time": "2026-02-16 08:55:59", "level": "DEBUG", "name": "celery.utils.functional", "message": "
def auto_sync_daily():
    return 1
"}
{"time": "2026-02-16 08:55:59", "level": "DEBUG", "name": "celery.utils.functional", "message": "
def execute_backtest_task(backtest_run_id, stock_ids, execution_mode=0):
    return 1
"}
{"time": "2026-02-16 08:56:00", "level": "DEBUG", "name": "celery.utils.functional", "message": "
def chain(*args, **kwargs):
    return 1
"}
{"time": "2026-02-16 08:58:30", "level": "DEBUG", "name": "celery.utils.functional", "message": "
def group(self, tasks, result, group_id, partial_args, add_to_parent=0):
    return 1
"}
{"time": "2026-02-16 08:58:30", "level": "DEBUG", "name": "celery.utils.functional", "message": "
def xmap(task, it):
    return 1
"}
{"time": "2026-02-16 08:58:30", "level": "DEBUG", "name": "celery.utils.functional", "message": "
def backend_cleanup():
    return 1
"}
{"time": "2026-02-16 08:58:30", "level": "DEBUG", "name": "celery.utils.functional", "message": "
def sync_hard_task(sync_type, start_date, end_date, instruments=0, user_id=1):
    return 1
"}
{"time": "2026-02-16 08:58:30", "level": "DEBUG", "name": "celery.utils.functional", "message": "
def sync_options_task(is_auto=0, user_id=1, from_date=2, to_date=3):
    return 1
"}
{"time": "2026-02-16 08:58:30", "level": "DEBUG", "name": "celery.utils.functional", "message": "
def chain(*args, **kwargs):
    return 1
"}
{"time": "2026-02-16 08:58:30", "level": "DEBUG", "name": "celery.utils.functional", "message": "
def sync_stocks_task(is_auto=0, user_id=1, from_date=2, to_date=3, instruments=4, sync_indices=5):
    return 1
"}
{"time": "2026-02-16 08:58:30", "level": "DEBUG", "name": "celery.utils.functional", "message": "
def xstarmap(task, it):
    return 1
"}
{"time": "2026-02-16 08:58:30", "level": "DEBUG", "name": "celery.utils.functional", "message": "
def auto_sync_daily():
    return 1
"}
{"time": "2026-02-16 08:58:30", "level": "DEBUG", "name": "celery.utils.functional", "message": "
def accumulate(self, *args, **kwargs):
    return 1
"}
{"time": "2026-02-16 08:58:30", "level": "DEBUG", "name": "celery.utils.functional", "message": "
def chord(self, header, body, partial_args=0, interval=1, countdown=2, max_retries=3, eager=4, **kwargs):
    return 1
"}
{"time": "2026-02-16 08:58:30", "level": "DEBUG", "name": "celery.utils.functional", "message": "
def chunks(task, it, n):
    return 1
"}
{"time": "2026-02-16 08:58:30", "level": "DEBUG", "name": "celery.utils.functional", "message": "
def unlock_chord(self, group_id, callback, interval=0, max_retries=1, result=2, Result=3, GroupResult=4, result_from_tuple=5, **kwargs):
    return 1
"}
{"time": "2026-02-16 08:58:32", "level": "DEBUG", "name": "urllib3.connectionpool", "message": "Starting new HTTP connection (1): localhost:8080"}
{"time": "2026-02-16 08:58:33", "level": "DEBUG", "name": "urllib3.connectionpool", "message": "http://localhost:8080 "GET /api/v1/stock/data?symbol=HDFCBANK&date=2026-01-30&timewise=true HTTP/1.1" 200 263"}
{"time": "2026-02-16 08:58:34", "level": "INFO", "name": "apps.sync.tasks", "message": "Skipping HDFCBANK for 2026-01-31: Market Closed (Weekend)"}
{"time": "2026-02-16 08:58:34", "level": "INFO", "name": "apps.sync.tasks", "message": "Skipping HDFCBANK for 2026-02-01: Market Closed (Weekend)"}
{"time": "2026-02-16 08:58:34", "level": "DEBUG", "name": "urllib3.connectionpool", "message": "Starting new HTTP connection (1): localhost:8080"}
{"time": "2026-02-16 08:58:34", "level": "DEBUG", "name": "urllib3.connectionpool", "message": "http://localhost:8080 "GET /api/v1/stock/data?symbol=HDFCBANK&date=2026-02-02&timewise=true HTTP/1.1" 200 260"}
{"time": "2026-02-16 08:58:36", "level": "DEBUG", "name": "urllib3.connectionpool", "message": "Starting new HTTP connection (1): localhost:8080"}
{"time": "2026-02-16 08:58:36", "level": "DEBUG", "name": "urllib3.connectionpool", "message": "http://localhost:8080 "GET /api/v1/stock/data?symbol=HDFCBANK&date=2026-02-03&timewise=true HTTP/1.1" 200 260"}
{"time": "2026-02-16 08:58:38", "level": "DEBUG", "name": "urllib3.connectionpool", "message": "Starting new HTTP connection (1): localhost:8080"}
{"time": "2026-02-16 08:58:38", "level": "DEBUG", "name": "urllib3.connectionpool", "message": "http://localhost:8080 "GET /api/v1/stock/data?symbol=HDFCBANK&date=2026-02-04&timewise=true HTTP/1.1" 200 264"}
{"time": "2026-02-16 08:58:39", "level": "DEBUG", "name": "urllib3.connectionpool", "message": "Starting new HTTP connection (1): localhost:8080"}
{"time": "2026-02-16 08:58:39", "level": "DEBUG", "name": "urllib3.connectionpool", "message": "http://localhost:8080 "GET /api/v1/stock/data?symbol=HDFCBANK&date=2026-02-05&timewise=true HTTP/1.1" 200 262"}
{"time": "2026-02-16 08:58:41", "level": "DEBUG", "name": "urllib3.connectionpool", "message": "Starting new HTTP connection (1): localhost:8080"}
{"time": "2026-02-16 08:58:41", "level": "DEBUG", "name": "urllib3.connectionpool", "message": "http://localhost:8080 "GET /api/v1/stock/data?symbol=HDFCBANK&date=2026-02-06&timewise=true HTTP/1.1" 200 261"}
{"time": "2026-02-16 08:58:43", "level": "INFO", "name": "apps.sync.tasks", "message": "Skipping HDFCBANK for 2026-02-07: Market Closed (Weekend)"}
{"time": "2026-02-16 08:58:43", "level": "INFO", "name": "apps.sync.tasks", "message": "Skipping HDFCBANK for 2026-02-08: Market Closed (Weekend)"}
{"time": "2026-02-16 08:58:43", "level": "DEBUG", "name": "urllib3.connectionpool", "message": "Starting new HTTP connection (1): localhost:8080"}
{"time": "2026-02-16 08:58:43", "level": "DEBUG", "name": "urllib3.connectionpool", "message": "http://localhost:8080 "GET /api/v1/stock/data?symbol=HDFCBANK&date=2026-02-09&timewise=true HTTP/1.1" 200 261"}
{"time": "2026-02-16 08:58:44", "level": "DEBUG", "name": "urllib3.connectionpool", "message": "Starting new HTTP connection (1): localhost:8080"}
{"time": "2026-02-16 08:58:44", "level": "DEBUG", "name": "urllib3.connectionpool", "message": "http://localhost:8080 "GET /api/v1/stock/data?symbol=HDFCBANK&date=2026-02-10&timewise=true HTTP/1.1" 200 262"}
{"time": "2026-02-16 08:58:45", "level": "DEBUG", "name": "urllib3.connectionpool", "message": "Starting new HTTP connection (1): localhost:8080"}
{"time": "2026-02-16 08:58:45", "level": "DEBUG", "name": "urllib3.connectionpool", "message": "http://localhost:8080 "GET /api/v1/stock/data?symbol=HDFCBANK&date=2026-02-11&timewise=true HTTP/1.1" 200 261"}
{"time": "2026-02-16 08:58:47", "level": "INFO", "name": "apps.sync.tasks", "message": "Stock sync completed: 1/1 successful"}
{"time": "2026-02-16 08:58:47", "level": "INFO", "name": "celery.app.trace", "message": "Task apps.sync.tasks.sync_stocks_task[73b7dd98-cc45-4bd7-ab03-3e891fb2ae7e] succeeded in 16.90648033299999s: None"}
